ets Jï¿½ets Jul 29 2019 12:21:46

rst:0x1 (POWERON_RESET),boot:0x13 (SPI_FAST_FLASH_BOOT)
configsip: 0, SPIWP:0xee
clk_drv:0x00,q_drv:0x00,d_drv:0x00,cs0_drv:0x00,hd_drv:0x00,wp_drv:0x00
mode:DIO, clock div:2
load:0x3fff0030,len:6276
load:0x40078000,len:15748
load:0x40080400,len:4
ho 8 tail 4 room 4
load:0x40080404,len:3860
entry 0x4008063c
[0;32mI (31) boot: ESP-IDF v5.4.1 2nd stage bootloader[0m
[0;32mI (31) boot: compile time Jun 25 2025 11:59:08[0m
[0;32mI (31) boot: Multicore bootloader[0m
[0;32mI (32) boot: chip revision: v3.1[0m
[0;32mI (35) boot.esp32: SPI Speed      : 40MHz[0m
[0;32mI (39) boot.esp32: SPI Mode       : DIO[0m
[0;32mI (43) boot.esp32: SPI Flash Size : 2MB[0m
[0;32mI (46) boot: Enabling RNG early entropy source...[0m
[0;32mI (51) boot: Partition Table:[0m
[0;32mI (53) boot: ## Label            Usage          Type ST Offset   Length[0m
[0;32mI (60) boot:  0 nvs              WiFi data        01 02 00009000 00006000[0m
[0;32mI (66) boot:  1 phy_init         RF data          01 01 0000f000 00001000[0m
[0;32mI (73) boot:  2 factory          factory app      00 00 00010000 00100000[0m
[0;32mI (79) boot: End of partition table[0m
[0;32mI (82) esp_image: segment 0: paddr=00010020 vaddr=3f400020 size=19960h (104800) map[0m
[0;32mI (126) esp_image: segment 1: paddr=00029988 vaddr=3ff80000 size=0001ch (    28) load[0m
[0;32mI (126) esp_image: segment 2: paddr=000299ac vaddr=3ffb0000 size=03f00h ( 16128) load[0m
[0;32mI (136) esp_image: segment 3: paddr=0002d8b4 vaddr=40080000 size=02764h ( 10084) load[0m
[0;32mI (141) esp_image: segment 4: paddr=00030020 vaddr=400d0020 size=85fech (548844) map[0m
[0;32mI (332) esp_image: segment 5: paddr=000b6014 vaddr=40082764 size=15034h ( 86068) load[0m
[0;32mI (377) boot: Loaded app from partition at offset 0x10000[0m
[0;32mI (377) boot: Disabling RNG early entropy source...[0m
[0;32mI (388) cpu_start: Multicore app[0m
[0;32mI (396) cpu_start: Pro cpu start user code[0m
[0;32mI (396) cpu_start: cpu freq: 160000000 Hz[0m
[0;32mI (396) app_init: Application information:[0m
[0;32mI (396) app_init: Project name:     server[0m
[0;32mI (400) app_init: App version:      1[0m
[0;32mI (403) app_init: Compile time:     Jun 25 2025 11:58:48[0m
[0;32mI (408) app_init: ELF file SHA256:  688cb437d...[0m
[0;32mI (413) app_init: ESP-IDF:          v5.4.1[0m
[0;32mI (416) efuse_init: Min chip rev:     v0.0[0m
[0;32mI (420) efuse_init: Max chip rev:     v3.99 [0m
[0;32mI (424) efuse_init: Chip rev:         v3.1[0m
[0;32mI (428) heap_init: Initializing. RAM available for dynamic allocation:[0m
[0;32mI (435) heap_init: At 3FFAE6E0 len 00001920 (6 KiB): DRAM[0m
[0;32mI (439) heap_init: At 3FFB81C0 len 00027E40 (159 KiB): DRAM[0m
[0;32mI (445) heap_init: At 3FFE0440 len 00003AE0 (14 KiB): D/IRAM[0m
[0;32mI (450) heap_init: At 3FFE4350 len 0001BCB0 (111 KiB): D/IRAM[0m
[0;32mI (456) heap_init: At 40097798 len 00008868 (34 KiB): IRAM[0m
[0;32mI (462) spi_flash: detected chip: generic[0m
[0;32mI (465) spi_flash: flash io: dio[0m
[0;33mW (468) spi_flash: Detected size(4096k) larger than the size in the binary image header(2048k). Using the size in the binary image header.[0m
[0;32mI (481) main_task: Started on CPU0[0m
[0;32mI (491) main_task: Calling app_main()[0m
[0;32mI (521) example_connect: Start example_connect.[0m
[0;32mI (531) wifi:wifi driver task: 3ffbfe2c, prio:23, stack:6656, core=0[0m
[0;32mI (541) wifi:wifi firmware version: 79fa3f41ba[0m
[0;32mI (541) wifi:wifi certification version: v7.0[0m
[0;32mI (541) wifi:config NVS flash: enabled[0m
[0;32mI (541) wifi:config nano formatting: disabled[0m
[0;32mI (551) wifi:Init data frame dynamic rx buffer num: 32[0m
[0;32mI (551) wifi:Init static rx mgmt buffer num: 5[0m
[0;32mI (561) wifi:Init management short buffer num: 32[0m
[0;32mI (561) wifi:Init dynamic tx buffer num: 32[0m
[0;32mI (571) wifi:Init static rx buffer size: 1600[0m
[0;32mI (571) wifi:Init static rx buffer num: 10[0m
[0;32mI (571) wifi:Init dynamic rx buffer num: 32[0m
[0;32mI (581) wifi_init: rx ba win: 6[0m
[0;32mI (581) wifi_init: accept mbox: 6[0m
[0;32mI (581) wifi_init: tcpip mbox: 32[0m
[0;32mI (591) wifi_init: udp mbox: 6[0m
[0;32mI (591) wifi_init: tcp mbox: 6[0m
[0;32mI (591) wifi_init: tcp tx win: 5760[0m
[0;32mI (591) wifi_init: tcp rx win: 5760[0m
[0;32mI (601) wifi_init: tcp mss: 1440[0m
[0;32mI (601) wifi_init: WiFi IRAM OP enabled[0m
[0;32mI (601) wifi_init: WiFi RX IRAM OP enabled[0m
[0;32mI (611) phy_init: phy_version 4860,6b7a6e5,Feb  6 2025,14:47:07[0m
[0;32mI (691) wifi:mode : sta (10:06:1c:f2:32:78)[0m
[0;32mI (691) wifi:enable tsf[0m
[0;32mI (701) example_connect: Connecting to The Watling Boys...[0m
[0;33mW (701) wifi:Password length matches WPA2 standards, authmode threshold changes from OPEN to WPA2[0m
[0;32mI (701) example_connect: Waiting for IP(s)[0m
[0;32mI (3361) wifi:new:<1,0>, old:<1,0>, ap:<255,255>, sta:<1,0>, prof:1, snd_ch_cfg:0x0[0m
[0;32mI (3371) wifi:state: init -> auth (0xb0)[0m
[0;32mI (3381) wifi:state: auth -> assoc (0x0)[0m
[0;32mI (3381) wifi:state: assoc -> run (0x10)[0m
[0;32mI (3401) wifi:connected with The Watling Boys, aid = 9, channel 1, BW20, bssid = 78:8d:af:2d:e5:84[0m
[0;32mI (3401) wifi:security: WPA2-PSK, phy: bgn, rssi: -42[0m
[0;32mI (3411) wifi:pm start, type: 1[0m

[0;32mI (3411) wifi:dp: 1, bi: 102400, li: 3, scale listen interval from 307200 us to 307200 us[0m
[0;32mI (3431) wifi:<ba-add>idx:0 (ifx:0, 78:8d:af:2d:e5:84), tid:7, ssn:1, winSize:64[0m
[0;32mI (3451) wifi:AP's beacon interval = 102400 us, DTIM period = 1[0m
[0;32mI (4441) esp_netif_handlers: example_netif_sta ip: 192.168.2.124, mask: 255.255.255.0, gw: 192.168.2.1[0m
[0;32mI (4441) example_connect: Got IPv4 event: Interface "example_netif_sta" address: 192.168.2.124[0m
[0;32mI (4521) example_connect: Got IPv6 event: Interface "example_netif_sta" address: fe80:0000:0000:0000:1206:1cff:fef2:3278, type: ESP_IP6_ADDR_IS_LINK_LOCAL[0m
[0;32mI (4521) example_common: Connected to example_netif_sta[0m
[0;32mI (4531) example_common: - IPv4 address: 192.168.2.124,[0m
[0;32mI (4531) example_common: - IPv6 address: fe80:0000:0000:0000:1206:1cff:fef2:3278, type: ESP_IP6_ADDR_IS_LINK_LOCAL[0m
[0;32mI (4541) example: Socket created[0m
[0;32mI (4541) example: Socket bound, port 7777[0m
[0;32mI (4551) example: Socket listening[0m
[0;32mI (4551) main_task: Returned from app_main()[0m
[0;32mI (24351) wifi:<ba-add>idx:1 (ifx:0, 78:8d:af:2d:e5:84), tid:0, ssn:1, winSize:64[0m
[0;32mI (24551) example: Socket accepted ip address: 192.168.2.214[0m
[0;32mI (24551) example: Received 25 bytes: Message from ESP32 Vamsi [0m
[0;32mI (24751) example: Received 25 bytes: Message from ESP32 Vamsi [0m
[0;32mI (24961) example: Received 25 bytes: Message from ESP32 Vamsi [0m
[0;32mI (25061) example: Received 25 bytes: Message from ESP32 Vamsi [0m
[0;32mI (25071) example: Received 25 bytes: Message from ESP32 Vamsi [0m
ets Jul 29 2019 12:21:46

rst:0x7 (TG0WDT_SYS_RESET),boot:0x13 (SPI_FAST_FLASH_BOOT)
configsip: 0, SPIWP:0xee
clk_drv:0x00,q_drv:0x00,d_drv:0x00,cs0_drv:0x00,hd_drv:0x00,wp_drv:0x00
mode:DIO, clock div:2
load:0x3fff0030,len:6276
load:0x40078000,len:15748
load:0x40080400,len:4
ho 8 tail 4 room 4
load:0x40080404,len:3860
entry 0x4008063c
[0;32mI (61) boot: ESP-IDF v5.4.1 2nd stage bootloader[0m
[0;32mI (61) boot: compile time Jun 25 2025 11:59:08[0m
[0;32mI (61) boot: Multicore bootloader[0m
[0;32mI (64) boot: chip revision: v3.1[0m
[0;32mI (66) boot.esp32: SPI Speed      : 40MHz[0m
[0;32mI (70) boot.esp32: SPI Mode       : DIO[0m
[0;32mI (74) boot.esp32: SPI Flash Size : 2MB[0m
[0;33mW (77) boot.esp32: PRO CPU has been reset by WDT[0m
[0;33mW (82) boot.esp32: WDT rst info: PRO CPU PC=0x4000c050[0m
[0;33mW (86) boot.esp32: WDT rst info: APP CPU PC=0x4008849a (waiti mode)[0m
[0;32mI (92) boot: Enabling RNG early entropy source...[0m
[0;32mI (97) boot: Partition Table:[0m
[0;32mI (100) boot: ## Label            Usage          Type ST Offset   Length[0m
[0;32mI (106) boot:  0 nvs              WiFi data        01 02 00009000 00006000[0m
[0;32mI (113) boot:  1 phy_init         RF data          01 01 0000f000 00001000[0m
[0;32mI (119) boot:  2 factory          factory app      00 00 00010000 00100000[0m
[0;32mI (126) boot: End of partition table[0m
[0;32mI (129) esp_image: segment 0: paddr=00010020 vaddr=3f400020 size=19960h (104800) map[0m
[0;32mI (173) esp_image: segment 1: paddr=00029988 vaddr=3ff80000 size=0001ch (    28) load[0m
[0;32mI (173) esp_image: segment 2: paddr=000299ac vaddr=3ffb0000 size=03f00h ( 16128) load[0m
[0;32mI (182) esp_image: segment 3: paddr=0002d8b4 vaddr=40080000 size=02764h ( 10084) load[0m
[0;32mI (188) esp_image: segment 4: paddr=00030020 vaddr=400d0020 size=85fech (548844) map[0m
[0;32mI (379) esp_image: segment 5: paddr=000b6014 vaddr=40082764 size=15034h ( 86068) load[0m
[0;32mI (424) boot: Loaded app from partition at offset 0x10000[0m
[0;32mI (424) boot: Disabling RNG early entropy source...[0m
[0;32mI (434) cpu_start: Multicore app[0m
[0;32mI (443) cpu_start: Pro cpu start user code[0m
[0;32mI (443) cpu_start: cpu freq: 160000000 Hz[0m
[0;32mI (443) app_init: Application information:[0m
[0;32mI (443) app_init: Project name:     server[0m
[0;32mI (447) app_init: App version:      1[0m
[0;32mI (450) app_init: Compile time:     Jun 25 2025 11:58:48[0m
[0;32mI (455) app_init: ELF file SHA256:  688cb437d...[0m
[0;32mI (459) app_init: ESP-IDF:          v5.4.1[0m
[0;32mI (463) efuse_init: Min chip rev:     v0.0[0m
[0;32mI (467) efuse_init: Max chip rev:     v3.99 [0m
[0;32mI (471) efuse_init: Chip rev:         v3.1[0m
[0;32mI (475) heap_init: Initializing. RAM available for dynamic allocation:[0m
[0;32mI (481) heap_init: At 3FFAE6E0 len 00001920 (6 KiB): DRAM[0m
[0;32mI (486) heap_init: At 3FFB81C0 len 00027E40 (159 KiB): DRAM[0m
[0;32mI (492) heap_init: At 3FFE0440 len 00003AE0 (14 KiB): D/IRAM[0m
[0;32mI (497) heap_init: At 3FFE4350 len 0001BCB0 (111 KiB): D/IRAM[0m
[0;32mI (502) heap_init: At 40097798 len 00008868 (34 KiB): IRAM[0m
[0;32mI (509) spi_flash: detected chip: generic[0m
[0;32mI (511) spi_flash: flash io: dio[0m
[0;33mW (514) spi_flash: Detected size(4096k) larger than the size in the binary image header(2048k). Using the size in the binary image header.[0m
[0;32mI (528) main_task: Started on CPU0[0m
[0;32mI (538) main_task: Calling app_main()[0m
[0;32mI (568) example_connect: Start example_connect.[0m
[0;32mI (578) wifi:wifi driver task: 3ffbfe2c, prio:23, stack:6656, core=0[0m
[0;32mI (588) wifi:wifi firmware version: 79fa3f41ba[0m
[0;32mI (588) wifi:wifi certification version: v7.0[0m
[0;32mI (588) wifi:config NVS flash: enabled[0m
[0;32mI (588) wifi:config nano formatting: disabled[0m
[0;32mI (598) wifi:Init data frame dynamic rx buffer num: 32[0m
[0;32mI (598) wifi:Init static rx mgmt buffer num: 5[0m
[0;32mI (608) wifi:Init management short buffer num: 32[0m
[0;32mI (608) wifi:Init dynamic tx buffer num: 32[0m
[0;32mI (618) wifi:Init static rx buffer size: 1600[0m
[0;32mI (618) wifi:Init static rx buffer num: 10[0m
[0;32mI (618) wifi:Init dynamic rx buffer num: 32[0m
[0;32mI (628) wifi_init: rx ba win: 6[0m
[0;32mI (628) wifi_init: accept mbox: 6[0m
[0;32mI (628) wifi_init: tcpip mbox: 32[0m
[0;32mI (638) wifi_init: udp mbox: 6[0m
[0;32mI (638) wifi_init: tcp mbox: 6[0m
[0;32mI (638) wifi_init: tcp tx win: 5760[0m
[0;32mI (638) wifi_init: tcp rx win: 5760[0m
[0;32mI (648) wifi_init: tcp mss: 1440[0m
[0;32mI (648) wifi_init: WiFi IRAM OP enabled[0m
[0;32mI (648) wifi_init: WiFi RX IRAM OP enabled[0m
[0;32mI (658) phy_init: phy_version 4860,6b7a6e5,Feb  6 2025,14:47:07[0m
[0;32mI (738) wifi:mode : sta (10:06:1c:f2:32:78)[0m
[0;32mI (738) wifi:enable tsf[0m
[0;32mI (748) example_connect: Connecting to The Watling Boys...[0m
[0;33mW (748) wifi:Password length matches WPA2 standards, authmode threshold changes from OPEN to WPA2[0m
[0;32mI (748) example_connect: Waiting for IP(s)[0m
[0;32mI (3408) wifi:new:<1,0>, old:<1,0>, ap:<255,255>, sta:<1,0>, prof:1, snd_ch_cfg:0x0[0m
[0;32mI (3408) wifi:state: init -> auth (0xb0)[0m
[0;32mI (3418) wifi:state: auth -> assoc (0x0)[0m
[0;32mI (3428) wifi:state: assoc -> run (0x10)[0m
[0;32mI (3458) wifi:connected with The Watling Boys, aid = 14, channel 1, BW20, bssid = 78:8d:af:2d:e5:84[0m
[0;32mI (3458) wifi:security: WPA2-PSK, phy: bgn, rssi: -45[0m
[0;32mI (3458) wifi:pm start, type: 1[0m

[0;32mI (3458) wifi:dp: 1, bi: 102400, li: 3, scale listen interval from 307200 us to 307200 us[0m
[0;32mI (3478) wifi:<ba-add>idx:0 (ifx:0, 78:8d:af:2d:e5:84), tid:7, ssn:1, winSize:64[0m
[0;32mI (3498) wifi:AP's beacon interval = 102400 us, DTIM period = 1[0m
[0;32mI (4498) esp_netif_handlers: example_netif_sta ip: 192.168.2.124, mask: 255.255.255.0, gw: 192.168.2.1[0m
[0;32mI (4498) example_connect: Got IPv4 event: Interface "example_netif_sta" address: 192.168.2.124[0m
[0;32mI (4568) example_connect: Got IPv6 event: Interface "example_netif_sta" address: fe80:0000:0000:0000:1206:1cff:fef2:3278, type: ESP_IP6_ADDR_IS_LINK_LOCAL[0m
[0;32mI (4568) example_common: Connected to example_netif_sta[0m
[0;32mI (4578) example_common: - IPv4 address: 192.168.2.124,[0m
[0;32mI (4578) example_common: - IPv6 address: fe80:0000:0000:0000:1206:1cff:fef2:3278, type: ESP_IP6_ADDR_IS_LINK_LOCAL[0m
[0;32mI (4588) example: Socket created[0m
[0;32mI (4588) example: Socket bound, port 7777[0m
[0;32mI (4598) example: Socket listening[0m
[0;32mI (4598) main_task: Returned from app_main()[0m
[0;32mI (9348) wifi:<ba-add>idx:1 (ifx:0, 78:8d:af:2d:e5:84), tid:0, ssn:1, winSize:64[0m
[0;32mI (9968) example: Socket accepted ip address: 192.168.2.214[0m
[0;32mI (9968) example: Received 25 bytes: Message from ESP32 Vamsi [0m
[0;32mI (10158) example: Received 25 bytes: Message from ESP32 Vamsi [0m
[0;32mI (10368) example: Received 25 bytes: Message from ESP32 Vamsi [0m
[0;32mI (10578) example: Received 25 bytes: Message from ESP32 Vamsi [0m
[0;32mI (10778) example: Received 25 bytes: Message from ESP32 Vamsi [0m
[0;32mI (10978) example: Received 25 bytes: Message from ESP32 Vamsi [0m
[0;32mI (11188) example: Received 25 bytes: Message from ESP32 Vamsi [0m
[0;32mI (11388) example: Received 25 bytes: Message from ESP32 Vamsi [0m
[0;32mI (11598) example: Received 25 bytes: Message from ESP32 Vamsi [0m
[0;32mI (11798) example: Received 25 bytes: Message from ESP32 Vamsi [0m
[0;32mI (12008) example: Received 25 bytes: Message from ESP32 Vamsi [0m
[0;32mI (12208) example: Received 25 bytes: Message from ESP32 Vamsi [0m
[0;32mI (12418) example: Received 25 bytes: Message from ESP32 Vamsi [0m
[0;32mI (12618) example: Received 25 bytes: Message from ESP32 Vamsi [0m
[0;32mI (12818) example: Received 25 bytes: Message from ESP32 Vamsi [0m
[0;32mI (13028) example: Received 25 bytes: Message from ESP32 Vamsi [0m
[0;32mI (13228) example: Received 25 bytes: Message from ESP32 Vamsi [0m
[0;32mI (13448) example: Received 25 bytes: Message from ESP32 Vamsi [0m
[0;32mI (13568) example: Received 25 bytes: Message from ESP32 Vamsi [0m
ets Jul 29 2019 12:21:46

rst:0x7 (TG0WDT_SYS_RESET),boot:0x13 (SPI_FAST_FLASH_BOOT)
configsip: 0, SPIWP:0xee
clk_drv:0x00,q_drv:0x00,d_drv:0x00,cs0_drv:0x00,hd_drv:0x00,wp_drv:0x00
mode:DIO, clock div:2
load:0x3fff0030,len:6276
load:0x40078000,len:15748
load:0x40080400,len:4
ho 8 tail 4 room 4
load:0x40080404,len:3860
entry 0x4008063c
[0;32mI (61) boot: ESP-IDF v5.4.1 2nd stage bootloader[0m
[0;32mI (61) boot: compile time Jun 25 2025 11:59:08[0m
[0;32mI (61) boot: Multicore bootloader[0m
[0;32mI (64) boot: chip revision: v3.1[0m
[0;32mI (66) boot.esp32: SPI Speed      : 40MHz[0m
[0;32mI (70) boot.esp32: SPI Mode       : DIO[0m
[0;32mI (74) boot.esp32: SPI Flash Size : 2MB[0m
[0;33mW (77) boot.esp32: PRO CPU has been reset by WDT[0m
[0;33mW (82) boot.esp32: WDT rst info: PRO CPU PC=0x4000c053[0m
[0;33mW (86) boot.esp32: WDT rst info: APP CPU PC=0x4008849a (waiti mode)[0m
[0;32mI (92) boot: Enabling RNG early entropy source...[0m
[0;32mI (97) boot: Partition Table:[0m
[0;32mI (100) boot: ## Label            Usage          Type ST Offset   Length[0m
[0;32mI (106) boot:  0 nvs              WiFi data        01 02 00009000 00006000[0m
[0;32mI (113) boot:  1 phy_init         RF data          01 01 0000f000 00001000[0m
[0;32mI (119) boot:  2 factory          factory app      00 00 00010000 00100000[0m
[0;32mI (126) boot: End of partition table[0m
[0;32mI (129) esp_image: segment 0: paddr=00010020 vaddr=3f400020 size=19960h (104800) map[0m
[0;32mI (173) esp_image: segment 1: paddr=00029988 vaddr=3ff80000 size=0001ch (    28) load[0m
[0;32mI (173) esp_image: segment 2: paddr=000299ac vaddr=3ffb0000 size=03f00h ( 16128) load[0m
[0;32mI (182) esp_image: segment 3: paddr=0002d8b4 vaddr=40080000 size=02764h ( 10084) load[0m
[0;32mI (188) esp_image: segment 4: paddr=00030020 vaddr=400d0020 size=85fech (548844) map[0m
[0;32mI (379) esp_image: segment 5: paddr=000b6014 vaddr=40082764 size=15034h ( 86068) load[0m
[0;32mI (424) boot: Loaded app from partition at offset 0x10000[0m
[0;32mI (424) boot: Disabling RNG early entropy source...[0m
[0;32mI (434) cpu_start: Multicore app[0m
[0;32mI (443) cpu_start: Pro cpu start user code[0m
[0;32mI (443) cpu_start: cpu freq: 160000000 Hz[0m
[0;32mI (443) app_init: Application information:[0m
[0;32mI (443) app_init: Project name:     server[0m
[0;32mI (447) app_init: App version:      1[0m
[0;32mI (450) app_init: Compile time:     Jun 25 2025 11:58:48[0m
[0;32mI (455) app_init: ELF file SHA256:  688cb437d...[0m
[0;32mI (459) app_init: ESP-IDF:          v5.4.1[0m
[0;32mI (463) efuse_init: Min chip rev:     v0.0[0m
[0;32mI (467) efuse_init: Max chip rev:     v3.99 [0m
[0;32mI (471) efuse_init: Chip rev:         v3.1[0m
[0;32mI (475) heap_init: Initializing. RAM available for dynamic allocation:[0m
[0;32mI (481) heap_init: At 3FFAE6E0 len 00001920 (6 KiB): DRAM[0m
[0;32mI (486) heap_init: At 3FFB81C0 len 00027E40 (159 KiB): DRAM[0m
[0;32mI (492) heap_init: At 3FFE0440 len 00003AE0 (14 KiB): D/IRAM[0m
[0;32mI (497) heap_init: At 3FFE4350 len 0001BCB0 (111 KiB): D/IRAM[0m
[0;32mI (502) heap_init: At 40097798 len 00008868 (34 KiB): IRAM[0m
[0;32mI (509) spi_flash: detected chip: generic[0m
[0;32mI (511) spi_flash: flash io: dio[0m
[0;33mW (514) spi_flash: Detected size(4096k) larger than the size in the binary image header(2048k). Using the size in the binary image header.[0m
[0;32mI (528) main_task: Started on CPU0[0m
[0;32mI (538) main_task: Calling app_main()[0m
[0;32mI (568) example_connect: Start example_connect.[0m
[0;32mI (578) wifi:wifi driver task: 3ffbfe2c, prio:23, stack:6656, core=0[0m
[0;32mI (588) wifi:wifi firmware version: 79fa3f41ba[0m
[0;32mI (588) wifi:wifi certification version: v7.0[0m
[0;32mI (588) wifi:config NVS flash: enabled[0m
[0;32mI (588) wifi:config nano formatting: disabled[0m
[0;32mI (598) wifi:Init data frame dynamic rx buffer num: 32[0m
[0;32mI (598) wifi:Init static rx mgmt buffer num: 5[0m
[0;32mI (608) wifi:Init management short buffer num: 32[0m
[0;32mI (608) wifi:Init dynamic tx buffer num: 32[0m
[0;32mI (618) wifi:Init static rx buffer size: 1600[0m
[0;32mI (618) wifi:Init static rx buffer num: 10[0m
[0;32mI (618) wifi:Init dynamic rx buffer num: 32[0m
[0;32mI (628) wifi_init: rx ba win: 6[0m
[0;32mI (628) wifi_init: accept mbox: 6[0m
[0;32mI (628) wifi_init: tcpip mbox: 32[0m
[0;32mI (638) wifi_init: udp mbox: 6[0m
[0;32mI (638) wifi_init: tcp mbox: 6[0m
[0;32mI (638) wifi_init: tcp tx win: 5760[0m
[0;32mI (638) wifi_init: tcp rx win: 5760[0m
[0;32mI (648) wifi_init: tcp mss: 1440[0m
[0;32mI (648) wifi_init: WiFi IRAM OP enabled[0m
[0;32mI (648) wifi_init: WiFi RX IRAM OP enabled[0m
[0;32mI (658) phy_init: phy_version 4860,6b7a6e5,Feb  6 2025,14:47:07[0m
[0;32mI (738) wifi:mode : sta (10:06:1c:f2:32:78)[0m
[0;32mI (748) wifi:enable tsf[0m
[0;32mI (748) example_connect: Connecting to The Watling Boys...[0m
[0;33mW (748) wifi:Password length matches WPA2 standards, authmode threshold changes from OPEN to WPA2[0m
[0;32mI (758) example_connect: Waiting for IP(s)[0m
[0;32mI (3418) wifi:new:<1,0>, old:<1,0>, ap:<255,255>, sta:<1,0>, prof:1, snd_ch_cfg:0x0[0m
[0;32mI (3418) wifi:state: init -> auth (0xb0)[0m
[0;32mI (3438) wifi:state: auth -> assoc (0x0)[0m
[0;32mI (3448) wifi:state: assoc -> run (0x10)[0m
[0;32mI (3488) wifi:connected with The Watling Boys, aid = 15, channel 1, BW20, bssid = 78:8d:af:2d:e5:84[0m
[0;32mI (3488) wifi:security: WPA2-PSK, phy: bgn, rssi: -45[0m
[0;32mI (3498) wifi:pm start, type: 1[0m

[0;32mI (3498) wifi:dp: 1, bi: 102400, li: 3, scale listen interval from 307200 us to 307200 us[0m
[0;32mI (3528) wifi:<ba-add>idx:0 (ifx:0, 78:8d:af:2d:e5:84), tid:7, ssn:1, winSize:64[0m
[0;32mI (3588) wifi:AP's beacon interval = 102400 us, DTIM period = 1[0m
[0;32mI (4538) esp_netif_handlers: example_netif_sta ip: 192.168.2.124, mask: 255.255.255.0, gw: 192.168.2.1[0m
[0;32mI (4538) example_connect: Got IPv4 event: Interface "example_netif_sta" address: 192.168.2.124[0m
[0;32mI (4568) example_connect: Got IPv6 event: Interface "example_netif_sta" address: fe80:0000:0000:0000:1206:1cff:fef2:3278, type: ESP_IP6_ADDR_IS_LINK_LOCAL[0m
[0;32mI (4568) example_common: Connected to example_netif_sta[0m
[0;32mI (4578) example_common: - IPv4 address: 192.168.2.124,[0m
[0;32mI (4578) example_common: - IPv6 address: fe80:0000:0000:0000:1206:1cff:fef2:3278, type: ESP_IP6_ADDR_IS_LINK_LOCAL[0m
[0;32mI (4588) example: Socket created[0m
[0;32mI (4588) example: Socket bound, port 7777[0m
[0;32mI (4598) example: Socket listening[0m
[0;32mI (4598) main_task: Returned from app_main()[0m
[0;32mI (4728) wifi:<ba-add>idx:1 (ifx:0, 78:8d:af:2d:e5:84), tid:0, ssn:1, winSize:64[0m
[0;32mI (4758) example: Socket accepted ip address: 192.168.2.214[0m
[0;32mI (4758) example: Received 25 bytes: Message from ESP32 Vamsi [0m
[0;32mI (4768) example: Received 25 bytes: Message from ESP32 Vamsi [0m
[0;32mI (4778) example: Received 25 bytes: Message from ESP32 Vamsi [0m
[0;32mI (4798) example: Received 25 bytes: Message from ESP32 Vamsi [0m
[0;32mI (4798) example: Received 25 bytes: Message from ESP32 Vamsi [0m
[0;32mI (4808) example: Received 25 bytes: Message from ESP32 Vamsi [0m
[0;32mI (4838) example: Received 25 bytes: Message from ESP32 Vamsi [0m
[0;32mI (4848) example: Received 25 bytes: Message from ESP32 Vamsi [0m
[0;32mI (4898) example: Received 25 bytes: Message from ESP32 Vamsi [0m
[0;32mI (4908) example: Received 25 bytes: Message from ESP32 Vamsi [0m
[0;32mI (4938) example: Received 25 bytes: Message from ESP32 Vamsi [0m
[0;32mI (4998) example: Received 25 bytes: Message from ESP32 Vamsi [0m
[0;32mI (5008) example: Received 25 bytes: Message from ESP32 Vamsi [0m
[0;32mI (5008) example: Received 25 bytes: Message from ESP32 Vamsi [0m
[0;32mI (5078) example: Received 25 bytes: Message from ESP32 Vamsi [0m
[0;32mI (5148) example: Received 25 bytes: Message from ESP32 Vamsi [0m
ets Jul 29 2019 12:21:46

rst:0x7 (TG0WDT_SYS_RESET),boot:0x13 (SPI_FAST_FLASH_BOOT)
configsip: 0, SPIWP:0xee
clk_drv:0x00,q_drv:0x00,d_drv:0x00,cs0_drv:0x00,hd_drv:0x00,wp_drv:0x00
mode:DIO, clock div:2
load:0x3fff0030,len:6276
load:0x40078000,len:15748
load:0x40080400,len:4
ho 8 tail 4 room 4
load:0x40080404,len:3860
entry 0x4008063c
[0;32mI (61) boot: ESP-IDF v5.4.1 2nd stage bootloader[0m
[0;32mI (61) boot: compile time Jun 25 2025 11:59:08[0m
[0;32mI (61) boot: Multicore bootloader[0m
[0;32mI (64) boot: chip revision: v3.1[0m
[0;32mI (66) boot.esp32: SPI Speed      : 40MHz[0m
[0;32mI (70) boot.esp32: SPI Mode       : DIO[0m
[0;32mI (74) boot.esp32: SPI Flash Size : 2MB[0m
[0;33mW (77) boot.esp32: PRO CPU has been reset by WDT[0m
[0;33mW (82) boot.esp32: WDT rst info: PRO CPU PC=0x40008547[0m
[0;33mW (86) boot.esp32: WDT rst info: APP CPU PC=0x4008849a (waiti mode)[0m
[0;32mI (92) boot: Enabling RNG early entropy source...[0m
[0;32mI (97) boot: Partition Table:[0m
[0;32mI (100) boot: ## Label            Usage          Type ST Offset   Length[0m
[0;32mI (106) boot:  0 nvs              WiFi data        01 02 00009000 00006000[0m
[0;32mI (113) boot:  1 phy_init         RF data          01 01 0000f000 00001000[0m
[0;32mI (119) boot:  2 factory          factory app      00 00 00010000 00100000[0m
[0;32mI (126) boot: End of partition table[0m
[0;32mI (129) esp_image: segment 0: paddr=00010020 vaddr=3f400020 size=19960h (104800) map[0m
[0;32mI (173) esp_image: segment 1: paddr=00029988 vaddr=3ff80000 size=0001ch (    28) load[0m
[0;32mI (173) esp_image: segment 2: paddr=000299ac vaddr=3ffb0000 size=03f00h ( 16128) load[0m
[0;32mI (182) esp_image: segment 3: paddr=0002d8b4 vaddr=40080000 size=02764h ( 10084) load[0m
[0;32mI (188) esp_image: segment 4: paddr=00030020 vaddr=400d0020 size=85fech (548844) map[0m
[0;32mI (379) esp_image: segment 5: paddr=000b6014 vaddr=40082764 size=15034h ( 86068) load[0m
[0;32mI (424) boot: Loaded app from partition at offset 0x10000[0m
[0;32mI (424) boot: Disabling RNG early entropy source...[0m
[0;32mI (434) cpu_start: Multicore app[0m
[0;32mI (443) cpu_start: Pro cpu start user code[0m
[0;32mI (443) cpu_start: cpu freq: 160000000 Hz[0m
[0;32mI (443) app_init: Application information:[0m
[0;32mI (443) app_init: Project name:     server[0m
[0;32mI (447) app_init: App version:      1[0m
[0;32mI (450) app_init: Compile time:     Jun 25 2025 11:58:48[0m
[0;32mI (455) app_init: ELF file SHA256:  688cb437d...[0m
[0;32mI (459) app_init: ESP-IDF:          v5.4.1[0m
[0;32mI (463) efuse_init: Min chip rev:     v0.0[0m
[0;32mI (467) efuse_init: Max chip rev:     v3.99 [0m
[0;32mI (471) efuse_init: Chip rev:         v3.1[0m
[0;32mI (475) heap_init: Initializing. RAM available for dynamic allocation:[0m
[0;32mI (481) heap_init: At 3FFAE6E0 len 00001920 (6 KiB): DRAM[0m
[0;32mI (486) heap_init: At 3FFB81C0 len 00027E40 (159 KiB): DRAM[0m
[0;32mI (492) heap_init: At 3FFE0440 len 00003AE0 (14 KiB): D/IRAM[0m
[0;32mI (497) heap_init: At 3FFE4350 len 0001BCB0 (111 KiB): D/IRAM[0m
[0;32mI (502) heap_init: At 40097798 len 00008868 (34 KiB): IRAM[0m
[0;32mI (509) spi_flash: detected chip: generic[0m
[0;32mI (511) spi_flash: flash io: dio[0m
[0;33mW (514) spi_flash: Detected size(4096k) larger than the size in the binary image header(2048k). Using the size in the binary image header.[0m
[0;32mI (528) main_task: Started on CPU0[0m
[0;32mI (538) main_task: Calling app_main()[0m
[0;32mI (568) example_connect: Start example_connect.[0m
[0;32mI (578) wifi:wifi driver task: 3ffbfe2c, prio:23, stack:6656, core=0[0m
[0;32mI (588) wifi:wifi firmware version: 79fa3f41ba[0m
[0;32mI (588) wifi:wifi certification version: v7.0[0m
[0;32mI (588) wifi:config NVS flash: enabled[0m
[0;32mI (588) wifi:config nano formatting: disabled[0m
[0;32mI (598) wifi:Init data frame dynamic rx buffer num: 32[0m
[0;32mI (598) wifi:Init static rx mgmt buffer num: 5[0m
[0;32mI (608) wifi:Init management short buffer num: 32[0m
[0;32mI (608) wifi:Init dynamic tx buffer num: 32[0m
[0;32mI (618) wifi:Init static rx buffer size: 1600[0m
[0;32mI (618) wifi:Init static rx buffer num: 10[0m
[0;32mI (618) wifi:Init dynamic rx buffer num: 32[0m
[0;32mI (628) wifi_init: rx ba win: 6[0m
[0;32mI (628) wifi_init: accept mbox: 6[0m
[0;32mI (628) wifi_init: tcpip mbox: 32[0m
[0;32mI (638) wifi_init: udp mbox: 6[0m
[0;32mI (638) wifi_init: tcp mbox: 6[0m
[0;32mI (638) wifi_init: tcp tx win: 5760[0m
[0;32mI (638) wifi_init: tcp rx win: 5760[0m
[0;32mI (648) wifi_init: tcp mss: 1440[0m
[0;32mI (648) wifi_init: WiFi IRAM OP enabled[0m
[0;32mI (648) wifi_init: WiFi RX IRAM OP enabled[0m
[0;32mI (658) phy_init: phy_version 4860,6b7a6e5,Feb  6 2025,14:47:07[0m
[0;32mI (738) wifi:mode : sta (10:06:1c:f2:32:78)[0m
[0;32mI (738) wifi:enable tsf[0m
[0;32mI (748) example_connect: Connecting to The Watling Boys...[0m
[0;33mW (748) wifi:Password length matches WPA2 standards, authmode threshold changes from OPEN to WPA2[0m
[0;32mI (748) example_connect: Waiting for IP(s)[0m
[0;32mI (3408) wifi:new:<1,0>, old:<1,0>, ap:<255,255>, sta:<1,0>, prof:1, snd_ch_cfg:0x0[0m
[0;32mI (3408) wifi:state: init -> auth (0xb0)[0m
[0;32mI (3418) wifi:state: auth -> assoc (0x0)[0m
[0;32mI (3428) wifi:state: assoc -> run (0x10)[0m
[0;32mI (3448) wifi:connected with The Watling Boys, aid = 16, channel 1, BW20, bssid = 78:8d:af:2d:e5:84[0m
[0;32mI (3458) wifi:security: WPA2-PSK, phy: bgn, rssi: -45[0m
[0;32mI (3458) wifi:pm start, type: 1[0m

[0;32mI (3458) wifi:dp: 1, bi: 102400, li: 3, scale listen interval from 307200 us to 307200 us[0m
[0;32mI (3498) wifi:AP's beacon interval = 102400 us, DTIM period = 1[0m
[0;32mI (3518) wifi:<ba-add>idx:0 (ifx:0, 78:8d:af:2d:e5:84), tid:7, ssn:1, winSize:64[0m
[0;32mI (4528) esp_netif_handlers: example_netif_sta ip: 192.168.2.124, mask: 255.255.255.0, gw: 192.168.2.1[0m
[0;32mI (4528) example_connect: Got IPv4 event: Interface "example_netif_sta" address: 192.168.2.124[0m
[0;32mI (4568) example_connect: Got IPv6 event: Interface "example_netif_sta" address: fe80:0000:0000:0000:1206:1cff:fef2:3278, type: ESP_IP6_ADDR_IS_LINK_LOCAL[0m
[0;32mI (4568) example_common: Connected to example_netif_sta[0m
[0;32mI (4578) example_common: - IPv4 address: 192.168.2.124,[0m
[0;32mI (4578) example_common: - IPv6 address: fe80:0000:0000:0000:1206:1cff:fef2:3278, type: ESP_IP6_ADDR_IS_LINK_LOCAL[0m
[0;32mI (4588) example: Socket created[0m
[0;32mI (4588) example: Socket bound, port 7777[0m
[0;32mI (4598) example: Socket listening[0m
[0;32mI (4598) main_task: Returned from app_main()[0m
[0;32mI (9138) wifi:<ba-add>idx:1 (ifx:0, 78:8d:af:2d:e5:84), tid:0, ssn:1, winSize:64[0m
[0;32mI (9748) example: Socket accepted ip address: 192.168.2.214[0m
[0;32mI (9748) example: Received 25 bytes: Message from ESP32 Vamsi [0m
[0;32mI (9948) example: Received 25 bytes: Message from ESP32 Vamsi [0m
[0;32mI (10158) example: Received 25 bytes: Message from ESP32 Vamsi [0m
[0;32mI (10358) example: Received 25 bytes: Message from ESP32 Vamsi [0m
[0;32mI (10568) example: Received 25 bytes: Message from ESP32 Vamsi [0m
[0;32mI (10768) example: Received 25 bytes: Message from ESP32 Vamsi [0m
[0;32mI (10968) example: Received 25 bytes: Message from ESP32 Vamsi [0m
[0;32mI (11178) example: Received 25 bytes: Message from ESP32 Vamsi [0m
[0;32mI (11408) example: Received 25 bytes: Message from ESP32 Vamsi [0m
[0;32mI (11588) example: Received 25 bytes: Message from ESP32 Vamsi [0m
[0;32mI (11788) example: Received 25 bytes: Message from ESP32 Vamsi [0m
[0;32mI (12008) example: Received 25 bytes: Message from ESP32 Vamsi [0m
[0;32mI (12198) example: Received 25 bytes: Message from ESP32 Vamsi [0m
[0;32mI (12408) example: Received 25 bytes: Message from ESP32 Vamsi [0m
[0;32mI (12608) example: Received 25 bytes: Message from ESP32 Vamsi [0m
[0;32mI (12818) example: Received 25 bytes: Message from ESP32 Vamsi [0m
[0;32mI (13018) example: Received 25 bytes: Message from ESP32 Vamsi [0m
[0;32mI (13228) example: Received 25 bytes: Message from ESP32 Vamsi [0m
[0;32mI (13428) example: Received 25 bytes: Message from ESP32 Vamsi [0m
ets Jul 29 2019 12:21:46

rst:0x7 (TG0WDT_SYS_RESET),boot:0x13 (SPI_FAST_FLASH_BOOT)
configsip: 0, SPIWP:0xee
clk_drv:0x00,q_drv:0x00,d_drv:0x00,cs0_drv:0x00,hd_drv:0x00,wp_drv:0x00
mode:DIO, clock div:2
load:0x3fff0030,len:6276
load:0x40078000,len:15748
load:0x40080400,len:4
ho 8 tail 4 room 4
load:0x40080404,len:3860
entry 0x4008063c
[0;32mI (61) boot: ESP-IDF v5.4.1 2nd stage bootloader[0m
[0;32mI (61) boot: compile time Jun 25 2025 11:59:08[0m
[0;32mI (61) boot: Multicore bootloader[0m
[0;32mI (64) boot: chip revision: v3.1[0m
[0;32mI (66) boot.esp32: SPI Speed      : 40MHz[0m
[0;32mI (70) boot.esp32: SPI Mode       : DIO[0m
[0;32mI (74) boot.esp32: SPI Flash Size : 2MB[0m
[0;33mW (77) boot.esp32: PRO CPU has been reset by WDT[0m
[0;33mW (82) boot.esp32: WDT rst info: PRO CPU PC=0x4000c050[0m
[0;33mW (86) boot.esp32: WDT rst info: APP CPU PC=0x4008849a (waiti mode)[0m
[0;32mI (92) boot: Enabling RNG early entropy source...[0m
[0;32mI (97) boot: Partition Table:[0m
[0;32mI (100) boot: ## Label            Usage          Type ST Offset   Length[0m
[0;32mI (106) boot:  0 nvs              WiFi data        01 02 00009000 00006000[0m
[0;32mI (113) boot:  1 phy_init         RF data          01 01 0000f000 00001000[0m
[0;32mI (119) boot:  2 factory          factory app      00 00 00010000 00100000[0m
[0;32mI (126) boot: End of partition table[0m
[0;32mI (129) esp_image: segment 0: paddr=00010020 vaddr=3f400020 size=19960h (104800) map[0m
[0;32mI (173) esp_image: segment 1: paddr=00029988 vaddr=3ff80000 size=0001ch (    28) load[0m
[0;32mI (173) esp_image: segment 2: paddr=000299ac vaddr=3ffb0000 size=03f00h ( 16128) load[0m
[0;32mI (182) esp_image: segment 3: paddr=0002d8b4 vaddr=40080000 size=02764h ( 10084) load[0m
[0;32mI (188) esp_image: segment 4: paddr=00030020 vaddr=400d0020 size=85fech (548844) map[0m
[0;32mI (379) esp_image: segment 5: paddr=000b6014 vaddr=40082764 size=15034h ( 86068) load[0m
[0;32mI (424) boot: Loaded app from partition at offset 0x10000[0m
[0;32mI (424) boot: Disabling RNG early entropy source...[0m
[0;32mI (434) cpu_start: Multicore app[0m
[0;32mI (443) cpu_start: Pro cpu start user code[0m
[0;32mI (443) cpu_start: cpu freq: 160000000 Hz[0m
[0;32mI (443) app_init: Application information:[0m
[0;32mI (443) app_init: Project name:     server[0m
[0;32mI (447) app_init: App version:      1[0m
[0;32mI (450) app_init: Compile time:     Jun 25 2025 11:58:48[0m
[0;32mI (455) app_init: ELF file SHA256:  688cb437d...[0m
[0;32mI (459) app_init: ESP-IDF:          v5.4.1[0m
[0;32mI (463) efuse_init: Min chip rev:     v0.0[0m
[0;32mI (467) efuse_init: Max chip rev:     v3.99 [0m
[0;32mI (471) efuse_init: Chip rev:         v3.1[0m
[0;32mI (475) heap_init: Initializing. RAM available for dynamic allocation:[0m
[0;32mI (481) heap_init: At 3FFAE6E0 len 00001920 (6 KiB): DRAM[0m
[0;32mI (486) heap_init: At 3FFB81C0 len 00027E40 (159 KiB): DRAM[0m
[0;32mI (492) heap_init: At 3FFE0440 len 00003AE0 (14 KiB): D/IRAM[0m
[0;32mI (497) heap_init: At 3FFE4350 len 0001BCB0 (111 KiB): D/IRAM[0m
[0;32mI (502) heap_init: At 40097798 len 00008868 (34 KiB): IRAM[0m
[0;32mI (509) spi_flash: detected chip: generic[0m
[0;32mI (511) spi_flash: flash io: dio[0m
[0;33mW (514) spi_flash: Detected size(4096k) larger than the size in the binary image header(2048k). Using the size in the binary image header.[0m
[0;32mI (528) main_task: Started on CPU0[0m
[0;32mI (538) main_task: Calling app_main()[0m
[0;32mI (568) example_connect: Start example_connect.[0m
[0;32mI (578) wifi:wifi driver task: 3ffbfe2c, prio:23, stack:6656, core=0[0m
[0;32mI (588) wifi:wifi firmware version: 79fa3f41ba[0m
[0;32mI (588) wifi:wifi certification version: v7.0[0m
[0;32mI (588) wifi:config NVS flash: enabled[0m
[0;32mI (588) wifi:config nano formatting: disabled[0m
[0;32mI (598) wifi:Init data frame dynamic rx buffer num: 32[0m
[0;32mI (598) wifi:Init static rx mgmt buffer num: 5[0m
[0;32mI (608) wifi:Init management short buffer num: 32[0m
[0;32mI (608) wifi:Init dynamic tx buffer num: 32[0m
[0;32mI (618) wifi:Init static rx buffer size: 1600[0m
[0;32mI (618) wifi:Init static rx buffer num: 10[0m
[0;32mI (618) wifi:Init dynamic rx buffer num: 32[0m
[0;32mI (628) wifi_init: rx ba win: 6[0m
[0;32mI (628) wifi_init: accept mbox: 6[0m
[0;32mI (628) wifi_init: tcpip mbox: 32[0m
[0;32mI (638) wifi_init: udp mbox: 6[0m
[0;32mI (638) wifi_init: tcp mbox: 6[0m
[0;32mI (638) wifi_init: tcp tx win: 5760[0m
[0;32mI (638) wifi_init: tcp rx win: 5760[0m
[0;32mI (648) wifi_init: tcp mss: 1440[0m
[0;32mI (648) wifi_init: WiFi IRAM OP enabled[0m
[0;32mI (648) wifi_init: WiFi RX IRAM OP enabled[0m
[0;32mI (658) phy_init: phy_version 4860,6b7a6e5,Feb  6 2025,14:47:07[0m
[0;32mI (738) wifi:mode : sta (10:06:1c:f2:32:78)[0m
[0;32mI (738) wifi:enable tsf[0m
[0;32mI (738) example_connect: Connecting to The Watling Boys...[0m
[0;33mW (738) wifi:Password length matches WPA2 standards, authmode threshold changes from OPEN to WPA2[0m
[0;32mI (748) example_connect: Waiting for IP(s)[0m
[0;32mI (3408) wifi:new:<1,0>, old:<1,0>, ap:<255,255>, sta:<1,0>, prof:1, snd_ch_cfg:0x0[0m
[0;32mI (3408) wifi:state: init -> auth (0xb0)[0m
[0;32mI (3428) wifi:state: auth -> assoc (0x0)[0m
[0;32mI (3428) wifi:state: assoc -> run (0x10)[0m
[0;32mI (3448) wifi:connected with The Watling Boys, aid = 17, channel 1, BW20, bssid = 78:8d:af:2d:e5:84[0m
[0;32mI (3448) wifi:security: WPA2-PSK, phy: bgn, rssi: -42[0m
[0;32mI (3458) wifi:pm start, type: 1[0m

[0;32mI (3458) wifi:dp: 1, bi: 102400, li: 3, scale listen interval from 307200 us to 307200 us[0m
[0;32mI (3478) wifi:<ba-add>idx:0 (ifx:0, 78:8d:af:2d:e5:84), tid:7, ssn:1, winSize:64[0m
[0;32mI (3508) wifi:AP's beacon interval = 102400 us, DTIM period = 1[0m
[0;32mI (4488) esp_netif_handlers: example_netif_sta ip: 192.168.2.124, mask: 255.255.255.0, gw: 192.168.2.1[0m
[0;32mI (4488) example_connect: Got IPv4 event: Interface "example_netif_sta" address: 192.168.2.124[0m
[0;32mI (4568) example_connect: Got IPv6 event: Interface "example_netif_sta" address: fe80:0000:0000:0000:1206:1cff:fef2:3278, type: ESP_IP6_ADDR_IS_LINK_LOCAL[0m
[0;32mI (4568) example_common: Connected to example_netif_sta[0m
[0;32mI (4578) example_common: - IPv4 address: 192.168.2.124,[0m
[0;32mI (4578) example_common: - IPv6 address: fe80:0000:0000:0000:1206:1cff:fef2:3278, type: ESP_IP6_ADDR_IS_LINK_LOCAL[0m
[0;32mI (4588) example: Socket created[0m
[0;32mI (4588) example: Socket bound, port 7777[0m
[0;32mI (4598) example: Socket listening[0m
[0;32mI (4598) main_task: Returned from app_main()[0m
[0;32mI (4748) wifi:<ba-add>idx:1 (ifx:0, 78:8d:af:2d:e5:84), tid:0, ssn:1, winSize:64[0m
[0;32mI (4888) example: Socket accepted ip address: 192.168.2.214[0m
[0;32mI (4898) example: Received 25 bytes: Message from ESP32 Vamsi [0m
[0;32mI (4908) example: Received 25 bytes: Message from ESP32 Vamsi [0m
[0;32mI (4918) example: Received 25 bytes: Message from ESP32 Vamsi [0m
[0;32mI (4928) example: Received 25 bytes: Message from ESP32 Vamsi [0m
[0;32mI (4938) example: Received 25 bytes: Message from ESP32 Vamsi [0m
ets Jul 29 2019 12:21:46

rst:0x7 (TG0WDT_SYS_RESET),boot:0x13 (SPI_FAST_FLASH_BOOT)
configsip: 0, SPIWP:0xee
clk_drv:0x00,q_drv:0x00,d_drv:0x00,cs0_drv:0x00,hd_drv:0x00,wp_drv:0x00
mode:DIO, clock div:2
load:0x3fff0030,len:6276
load:0x40078000,len:15748
load:0x40080400,len:4
ho 8 tail 4 room 4
load:0x40080404,len:3860
entry 0x4008063c
[0;32mI (61) boot: ESP-IDF v5.4.1 2nd stage bootloader[0m
[0;32mI (61) boot: compile time Jun 25 2025 11:59:08[0m
[0;32mI (61) boot: Multicore bootloader[0m
[0;32mI (64) boot: chip revision: v3.1[0m
[0;32mI (66) boot.esp32: SPI Speed      : 40MHz[0m
[0;32mI (70) boot.esp32: SPI Mode       : DIO[0m
[0;32mI (74) boot.esp32: SPI Flash Size : 2MB[0m
[0;33mW (77) boot.esp32: PRO CPU has been reset by WDT[0m
[0;33mW (82) boot.esp32: WDT rst info: PRO CPU PC=0x40008547[0m
[0;33mW (86) boot.esp32: WDT rst info: APP CPU PC=0x4008849a (waiti mode)[0m
[0;32mI (92) boot: Enabling RNG early entropy source...[0m
[0;32mI (97) boot: Partition Table:[0m
[0;32mI (100) boot: ## Label            Usage          Type ST Offset   Length[0m
[0;32mI (106) boot:  0 nvs              WiFi data        01 02 00009000 00006000[0m
[0;32mI (113) boot:  1 phy_init         RF data          01 01 0000f000 00001000[0m
[0;32mI (119) boot:  2 factory          factory app      00 00 00010000 00100000[0m
[0;32mI (126) boot: End of partition table[0m
[0;32mI (129) esp_image: segment 0: paddr=00010020 vaddr=3f400020 size=19960h (104800) map[0m
[0;32mI (173) esp_image: segment 1: paddr=00029988 vaddr=3ff80000 size=0001ch (    28) load[0m
[0;32mI (173) esp_image: segment 2: paddr=000299ac vaddr=3ffb0000 size=03f00h ( 16128) load[0m
[0;32mI (182) esp_image: segment 3: paddr=0002d8b4 vaddr=40080000 size=02764h ( 10084) load[0m
[0;32mI (188) esp_image: segment 4: paddr=00030020 vaddr=400d0020 size=85fech (548844) map[0m
[0;32mI (379) esp_image: segment 5: paddr=000b6014 vaddr=40082764 size=15034h ( 86068) load[0m
[0;32mI (424) boot: Loaded app from partition at offset 0x10000[0m
[0;32mI (424) boot: Disabling RNG early entropy source...[0m
[0;32mI (434) cpu_start: Multicore app[0m
[0;32mI (443) cpu_start: Pro cpu start user code[0m
[0;32mI (443) cpu_start: cpu freq: 160000000 Hz[0m
[0;32mI (443) app_init: Application information:[0m
[0;32mI (443) app_init: Project name:     server[0m
[0;32mI (447) app_init: App version:      1[0m
[0;32mI (450) app_init: Compile time:     Jun 25 2025 11:58:48[0m
[0;32mI (455) app_init: ELF file SHA256:  688cb437d...[0m
[0;32mI (459) app_init: ESP-IDF:          v5.4.1[0m
[0;32mI (463) efuse_init: Min chip rev:     v0.0[0m
[0;32mI (467) efuse_init: Max chip rev:     v3.99 [0m
[0;32mI (471) efuse_init: Chip rev:         v3.1[0m
[0;32mI (475) heap_init: Initializing. RAM available for dynamic allocation:[0m
[0;32mI (481) heap_init: At 3FFAE6E0 len 00001920 (6 KiB): DRAM[0m
[0;32mI (486) heap_init: At 3FFB81C0 len 00027E40 (159 KiB): DRAM[0m
[0;32mI (492) heap_init: At 3FFE0440 len 00003AE0 (14 KiB): D/IRAM[0m
[0;32mI (497) heap_init: At 3FFE4350 len 0001BCB0 (111 KiB): D/IRAM[0m
[0;32mI (502) heap_init: At 40097798 len 00008868 (34 KiB): IRAM[0m
[0;32mI (509) spi_flash: detected chip: generic[0m
[0;32mI (511) spi_flash: flash io: dio[0m
[0;33mW (514) spi_flash: Detected size(4096k) larger than the size in the binary image header(2048k). Using the size in the binary image header.[0m
[0;32mI (528) main_task: Started on CPU0[0m
[0;32mI (538) main_task: Calling app_main()[0m
[0;32mI (568) example_connect: Start example_connect.[0m
[0;32mI (578) wifi:wifi driver task: 3ffbfe2c, prio:23, stack:6656, core=0[0m
[0;32mI (588) wifi:wifi firmware version: 79fa3f41ba[0m
[0;32mI (588) wifi:wifi certification version: v7.0[0m
[0;32mI (588) wifi:config NVS flash: enabled[0m
[0;32mI (588) wifi:config nano formatting: disabled[0m
[0;32mI (598) wifi:Init data frame dynamic rx buffer num: 32[0m
[0;32mI (598) wifi:Init static rx mgmt buffer num: 5[0m
[0;32mI (608) wifi:Init management short buffer num: 32[0m
[0;32mI (608) wifi:Init dynamic tx buffer num: 32[0m
[0;32mI (618) wifi:Init static rx buffer size: 1600[0m
[0;32mI (618) wifi:Init static rx buffer num: 10[0m
[0;32mI (618) wifi:Init dynamic rx buffer num: 32[0m
[0;32mI (628) wifi_init: rx ba win: 6[0m
[0;32mI (628) wifi_init: accept mbox: 6[0m
[0;32mI (628) wifi_init: tcpip mbox: 32[0m
[0;32mI (638) wifi_init: udp mbox: 6[0m
[0;32mI (638) wifi_init: tcp mbox: 6[0m
[0;32mI (638) wifi_init: tcp tx win: 5760[0m
[0;32mI (638) wifi_init: tcp rx win: 5760[0m
[0;32mI (648) wifi_init: tcp mss: 1440[0m
[0;32mI (648) wifi_init: WiFi IRAM OP enabled[0m
[0;32mI (648) wifi_init: WiFi RX IRAM OP enabled[0m
[0;32mI (658) phy_init: phy_version 4860,6b7a6e5,Feb  6 2025,14:47:07[0m
[0;32mI (738) wifi:mode : sta (10:06:1c:f2:32:78)[0m
[0;32mI (738) wifi:enable tsf[0m
[0;32mI (748) example_connect: Connecting to The Watling Boys...[0m
[0;33mW (748) wifi:Password length matches WPA2 standards, authmode threshold changes from OPEN to WPA2[0m
[0;32mI (748) example_connect: Waiting for IP(s)[0m
[0;32mI (3408) wifi:new:<1,0>, old:<1,0>, ap:<255,255>, sta:<1,0>, prof:1, snd_ch_cfg:0x0[0m
[0;32mI (3408) wifi:state: init -> auth (0xb0)[0m
[0;32mI (3428) wifi:state: auth -> assoc (0x0)[0m
[0;32mI (3448) wifi:state: assoc -> run (0x10)[0m
[0;32mI (3468) wifi:connected with The Watling Boys, aid = 18, channel 1, BW20, bssid = 78:8d:af:2d:e5:84[0m
[0;32mI (3468) wifi:security: WPA2-PSK, phy: bgn, rssi: -49[0m
[0;32mI (3468) wifi:pm start, type: 1[0m

[0;32mI (3468) wifi:dp: 1, bi: 102400, li: 3, scale listen interval from 307200 us to 307200 us[0m
[0;32mI (3488) wifi:<ba-add>idx:0 (ifx:0, 78:8d:af:2d:e5:84), tid:7, ssn:1, winSize:64[0m
[0;32mI (3528) wifi:AP's beacon interval = 102400 us, DTIM period = 1[0m
[0;32mI (4508) esp_netif_handlers: example_netif_sta ip: 192.168.2.124, mask: 255.255.255.0, gw: 192.168.2.1[0m
[0;32mI (4508) example_connect: Got IPv4 event: Interface "example_netif_sta" address: 192.168.2.124[0m
[0;32mI (4568) example_connect: Got IPv6 event: Interface "example_netif_sta" address: fe80:0000:0000:0000:1206:1cff:fef2:3278, type: ESP_IP6_ADDR_IS_LINK_LOCAL[0m
[0;32mI (4568) example_common: Connected to example_netif_sta[0m
[0;32mI (4568) example_common: - IPv4 address: 192.168.2.124,[0m
[0;32mI (4578) example_common: - IPv6 address: fe80:0000:0000:0000:1206:1cff:fef2:3278, type: ESP_IP6_ADDR_IS_LINK_LOCAL[0m
[0;32mI (4588) example: Socket created[0m
[0;32mI (4588) example: Socket bound, port 7777[0m
[0;32mI (4598) example: Socket listening[0m
[0;32mI (4598) main_task: Returned from app_main()[0m
[0;32mI (9278) wifi:<ba-add>idx:1 (ifx:0, 78:8d:af:2d:e5:84), tid:0, ssn:1, winSize:64[0m
[0;32mI (9598) example: Socket accepted ip address: 192.168.2.214[0m
[0;32mI (9598) example: Received 25 bytes: Message from ESP32 Vamsi [0m
[0;32mI (9608) example: Received 25 bytes: Message from ESP32 Vamsi [0m
[0;32mI (9618) example: Received 25 bytes: Message from ESP32 Vamsi [0m
[0;32mI (9628) example: Received 25 bytes: Message from ESP32 Vamsi [0m
[0;32mI (9638) example: Received 25 bytes: Message from ESP32 Vamsi [0m
[0;32mI (9648) example: Received 25 bytes: Message from ESP32 Vamsi [0m
[0;32mI (9658) example: Received 25 bytes: Message from ESP32 Vamsi [0m
ets Jul 29 2019 12:21:46

rst:0x7 (TG0WDT_SYS_RESET),boot:0x13 (SPI_FAST_FLASH_BOOT)
configsip: 0, SPIWP:0xee
clk_drv:0x00,q_drv:0x00,d_drv:0x00,cs0_drv:0x00,hd_drv:0x00,wp_drv:0x00
mode:DIO, clock div:2
load:0x3fff0030,len:6276
load:0x40078000,len:15748
load:0x40080400,len:4
ho 8 tail 4 room 4
load:0x40080404,len:3860
entry 0x4008063c
[0;32mI (61) boot: ESP-IDF v5.4.1 2nd stage bootloader[0m
[0;32mI (61) boot: compile time Jun 25 2025 11:59:08[0m
[0;32mI (61) boot: Multicore bootloader[0m
[0;32mI (64) boot: chip revision: v3.1[0m
[0;32mI (66) boot.esp32: SPI Speed      : 40MHz[0m
[0;32mI (70) boot.esp32: SPI Mode       : DIO[0m
[0;32mI (74) boot.esp32: SPI Flash Size : 2MB[0m
[0;33mW (77) boot.esp32: PRO CPU has been reset by WDT[0m
[0;33mW (82) boot.esp32: WDT rst info: PRO CPU PC=0x40008547[0m
[0;33mW (86) boot.esp32: WDT rst info: APP CPU PC=0x4008849a (waiti mode)[0m
[0;32mI (92) boot: Enabling RNG early entropy source...[0m
[0;32mI (97) boot: Partition Table:[0m
[0;32mI (100) boot: ## Label            Usage          Type ST Offset   Length[0m
[0;32mI (106) boot:  0 nvs              WiFi data        01 02 00009000 00006000[0m
[0;32mI (113) boot:  1 phy_init         RF data          01 01 0000f000 00001000[0m
[0;32mI (119) boot:  2 factory          factory app      00 00 00010000 00100000[0m
[0;32mI (126) boot: End of partition table[0m
[0;32mI (129) esp_image: segment 0: paddr=00010020 vaddr=3f400020 size=19960h (104800) map[0m
[0;32mI (173) esp_image: segment 1: paddr=00029988 vaddr=3ff80000 size=0001ch (    28) load[0m
[0;32mI (173) esp_image: segment 2: paddr=000299ac vaddr=3ffb0000 size=03f00h ( 16128) load[0m
[0;32mI (182) esp_image: segment 3: paddr=0002d8b4 vaddr=40080000 size=02764h ( 10084) load[0m
[0;32mI (188) esp_image: segment 4: paddr=00030020 vaddr=400d0020 size=85fech (548844) map[0m
[0;32mI (379) esp_image: segment 5: paddr=000b6014 vaddr=40082764 size=15034h ( 86068) load[0m
[0;32mI (424) boot: Loaded app from partition at offset 0x10000[0m
[0;32mI (424) boot: Disabling RNG early entropy source...[0m
[0;32mI (434) cpu_start: Multicore app[0m
[0;32mI (443) cpu_start: Pro cpu start user code[0m
[0;32mI (443) cpu_start: cpu freq: 160000000 Hz[0m
[0;32mI (443) app_init: Application information:[0m
[0;32mI (443) app_init: Project name:     server[0m
[0;32mI (447) app_init: App version:      1[0m
[0;32mI (450) app_init: Compile time:     Jun 25 2025 11:58:48[0m
[0;32mI (455) app_init: ELF file SHA256:  688cb437d...[0m
[0;32mI (459) app_init: ESP-IDF:          v5.4.1[0m
[0;32mI (463) efuse_init: Min chip rev:     v0.0[0m
[0;32mI (467) efuse_init: Max chip rev:     v3.99 [0m
[0;32mI (471) efuse_init: Chip rev:         v3.1[0m
[0;32mI (475) heap_init: Initializing. RAM available for dynamic allocation:[0m
[0;32mI (481) heap_init: At 3FFAE6E0 len 00001920 (6 KiB): DRAM[0m
[0;32mI (486) heap_init: At 3FFB81C0 len 00027E40 (159 KiB): DRAM[0m
[0;32mI (492) heap_init: At 3FFE0440 len 00003AE0 (14 KiB): D/IRAM[0m
[0;32mI (497) heap_init: At 3FFE4350 len 0001BCB0 (111 KiB): D/IRAM[0m
[0;32mI (502) heap_init: At 40097798 len 00008868 (34 KiB): IRAM[0m
[0;32mI (509) spi_flash: detected chip: generic[0m
[0;32mI (511) spi_flash: flash io: dio[0m
[0;33mW (514) spi_flash: Detected size(4096k) larger than the size in the binary image header(2048k). Using the size in the binary image header.[0m
[0;32mI (528) main_task: Started on CPU0[0m
[0;32mI (538) main_task: Calling app_main()[0m
[0;32mI (568) example_connect: Start example_connect.[0m
[0;32mI (578) wifi:wifi driver task: 3ffbfe2c, prio:23, stack:6656, core=0[0m
[0;32mI (588) wifi:wifi firmware version: 79fa3f41ba[0m
[0;32mI (588) wifi:wifi certification version: v7.0[0m
[0;32mI (588) wifi:config NVS flash: enabled[0m
[0;32mI (588) wifi:config nano formatting: disabled[0m
[0;32mI (598) wifi:Init data frame dynamic rx buffer num: 32[0m
[0;32mI (598) wifi:Init static rx mgmt buffer num: 5[0m
[0;32mI (608) wifi:Init management short buffer num: 32[0m
[0;32mI (608) wifi:Init dynamic tx buffer num: 32[0m
[0;32mI (618) wifi:Init static rx buffer size: 1600[0m
[0;32mI (618) wifi:Init static rx buffer num: 10[0m
[0;32mI (618) wifi:Init dynamic rx buffer num: 32[0m
[0;32mI (628) wifi_init: rx ba win: 6[0m
[0;32mI (628) wifi_init: accept mbox: 6[0m
[0;32mI (628) wifi_init: tcpip mbox: 32[0m
[0;32mI (638) wifi_init: udp mbox: 6[0m
[0;32mI (638) wifi_init: tcp mbox: 6[0m
[0;32mI (638) wifi_init: tcp tx win: 5760[0m
[0;32mI (638) wifi_init: tcp rx win: 5760[0m
[0;32mI (648) wifi_init: tcp mss: 1440[0m
[0;32mI (648) wifi_init: WiFi IRAM OP enabled[0m
[0;32mI (648) wifi_init: WiFi RX IRAM OP enabled[0m
[0;32mI (658) phy_init: phy_version 4860,6b7a6e5,Feb  6 2025,14:47:07[0m
[0;32mI (738) wifi:mode : sta (10:06:1c:f2:32:78)[0m
[0;32mI (738) wifi:enable tsf[0m
[0;32mI (738) example_connect: Connecting to The Watling Boys...[0m
[0;33mW (738) wifi:Password length matches WPA2 standards, authmode threshold changes from OPEN to WPA2[0m
[0;32mI (748) example_connect: Waiting for IP(s)[0m
[0;32mI (3408) wifi:new:<1,0>, old:<1,0>, ap:<255,255>, sta:<1,0>, prof:1, snd_ch_cfg:0x0[0m
[0;32mI (3408) wifi:state: init -> auth (0xb0)[0m
[0;32mI (3418) wifi:state: auth -> assoc (0x0)[0m
[0;32mI (3428) wifi:state: assoc -> run (0x10)[0m
[0;32mI (3468) wifi:connected with The Watling Boys, aid = 19, channel 1, BW20, bssid = 78:8d:af:2d:e5:84[0m
[0;32mI (3468) wifi:security: WPA2-PSK, phy: bgn, rssi: -43[0m
[0;32mI (3468) wifi:pm start, type: 1[0m

[0;32mI (3468) wifi:dp: 1, bi: 102400, li: 3, scale listen interval from 307200 us to 307200 us[0m
[0;32mI (3488) wifi:<ba-add>idx:0 (ifx:0, 78:8d:af:2d:e5:84), tid:7, ssn:1, winSize:64[0m
[0;32mI (3528) wifi:AP's beacon interval = 102400 us, DTIM period = 1[0m
[0;32mI (4498) esp_netif_handlers: example_netif_sta ip: 192.168.2.124, mask: 255.255.255.0, gw: 192.168.2.1[0m
[0;32mI (4498) example_connect: Got IPv4 event: Interface "example_netif_sta" address: 192.168.2.124[0m
[0;32mI (4568) example_connect: Got IPv6 event: Interface "example_netif_sta" address: fe80:0000:0000:0000:1206:1cff:fef2:3278, type: ESP_IP6_ADDR_IS_LINK_LOCAL[0m
[0;32mI (4568) example_common: Connected to example_netif_sta[0m
[0;32mI (4568) example_common: - IPv4 address: 192.168.2.124,[0m
[0;32mI (4578) example_common: - IPv6 address: fe80:0000:0000:0000:1206:1cff:fef2:3278, type: ESP_IP6_ADDR_IS_LINK_LOCAL[0m
[0;32mI (4588) example: Socket created[0m
[0;32mI (4588) example: Socket bound, port 7777[0m
[0;32mI (4598) example: Socket listening[0m
[0;32mI (4598) main_task: Returned from app_main()[0m
[0;32mI (9178) wifi:<ba-add>idx:1 (ifx:0, 78:8d:af:2d:e5:84), tid:0, ssn:1, winSize:64[0m
[0;32mI (9788) example: Socket accepted ip address: 192.168.2.214[0m
[0;32mI (9788) example: Received 25 bytes: Message from ESP32 Vamsi [0m
[0;32mI (9988) example: Received 25 bytes: Message from ESP32 Vamsi [0m
[0;32mI (10188) example: Received 25 bytes: Message from ESP32 Vamsi [0m
[0;32mI (10418) example: Received 25 bytes: Message from ESP32 Vamsi [0m
[0;32mI (10608) example: Received 25 bytes: Message from ESP32 Vamsi [0m
ets Jul 29 2019 12:21:46

rst:0x7 (TG0WDT_SYS_RESET),boot:0x13 (SPI_FAST_FLASH_BOOT)
configsip: 0, SPIWP:0xee
clk_drv:0x00,q_drv:0x00,d_drv:0x00,cs0_drv:0x00,hd_drv:0x00,wp_drv:0x00
mode:DIO, clock div:2
load:0x3fff0030,len:6276
load:0x40078000,len:15748
load:0x40080400,len:4
ho 8 tail 4 room 4
load:0x40080404,len:3860
entry 0x4008063c
[0;32mI (61) boot: ESP-IDF v5.4.1 2nd stage bootloader[0m
[0;32mI (61) boot: compile time Jun 25 2025 11:59:08[0m
[0;32mI (61) boot: Multicore bootloader[0m
[0;32mI (64) boot: chip revision: v3.1[0m
[0;32mI (66) boot.esp32: SPI Speed      : 40MHz[0m
[0;32mI (70) boot.esp32: SPI Mode       : DIO[0m
[0;32mI (74) boot.esp32: SPI Flash Size : 2MB[0m
[0;33mW (77) boot.esp32: PRO CPU has been reset by WDT[0m
[0;33mW (82) boot.esp32: WDT rst info: PRO CPU PC=0x4000c050[0m
[0;33mW (86) boot.esp32: WDT rst info: APP CPU PC=0x4008849a (waiti mode)[0m
[0;32mI (92) boot: Enabling RNG early entropy source...[0m
[0;32mI (97) boot: Partition Table:[0m
[0;32mI (100) boot: ## Label            Usage          Type ST Offset   Length[0m
[0;32mI (106) boot:  0 nvs              WiFi data        01 02 00009000 00006000[0m
[0;32mI (113) boot:  1 phy_init         RF data          01 01 0000f000 00001000[0m
[0;32mI (119) boot:  2 factory          factory app      00 00 00010000 00100000[0m
[0;32mI (126) boot: End of partition table[0m
[0;32mI (129) esp_image: segment 0: paddr=00010020 vaddr=3f400020 size=19960h (104800) map[0m
[0;32mI (173) esp_image: segment 1: paddr=00029988 vaddr=3ff80000 size=0001ch (    28) load[0m
[0;32mI (173) esp_image: segment 2: paddr=000299ac vaddr=3ffb0000 size=03f00h ( 16128) load[0m
[0;32mI (182) esp_image: segment 3: paddr=0002d8b4 vaddr=40080000 size=02764h ( 10084) load[0m
[0;32mI (188) esp_image: segment 4: paddr=00030020 vaddr=400d0020 size=85fech (548844) map[0m
[0;32mI (379) esp_image: segment 5: paddr=000b6014 vaddr=40082764 size=15034h ( 86068) load[0m
[0;32mI (424) boot: Loaded app from partition at offset 0x10000[0m
[0;32mI (424) boot: Disabling RNG early entropy source...[0m
[0;32mI (434) cpu_start: Multicore app[0m
[0;32mI (443) cpu_start: Pro cpu start user code[0m
[0;32mI (443) cpu_start: cpu freq: 160000000 Hz[0m
[0;32mI (443) app_init: Application information:[0m
[0;32mI (443) app_init: Project name:     server[0m
[0;32mI (447) app_init: App version:      1[0m
[0;32mI (450) app_init: Compile time:     Jun 25 2025 11:58:48[0m
[0;32mI (455) app_init: ELF file SHA256:  688cb437d...[0m
[0;32mI (459) app_init: ESP-IDF:          v5.4.1[0m
[0;32mI (463) efuse_init: Min chip rev:     v0.0[0m
[0;32mI (467) efuse_init: Max chip rev:     v3.99 [0m
[0;32mI (471) efuse_init: Chip rev:         v3.1[0m
[0;32mI (475) heap_init: Initializing. RAM available for dynamic allocation:[0m
[0;32mI (481) heap_init: At 3FFAE6E0 len 00001920 (6 KiB): DRAM[0m
[0;32mI (486) heap_init: At 3FFB81C0 len 00027E40 (159 KiB): DRAM[0m
[0;32mI (492) heap_init: At 3FFE0440 len 00003AE0 (14 KiB): D/IRAM[0m
[0;32mI (497) heap_init: At 3FFE4350 len 0001BCB0 (111 KiB): D/IRAM[0m
[0;32mI (502) heap_init: At 40097798 len 00008868 (34 KiB): IRAM[0m
[0;32mI (509) spi_flash: detected chip: generic[0m
[0;32mI (511) spi_flash: flash io: dio[0m
[0;33mW (514) spi_flash: Detected size(4096k) larger than the size in the binary image header(2048k). Using the size in the binary image header.[0m
[0;32mI (528) main_task: Started on CPU0[0m
[0;32mI (538) main_task: Calling app_main()[0m
[0;32mI (568) example_connect: Start example_connect.[0m
[0;32mI (578) wifi:wifi driver task: 3ffbfe2c, prio:23, stack:6656, core=0[0m
[0;32mI (588) wifi:wifi firmware version: 79fa3f41ba[0m
[0;32mI (588) wifi:wifi certification version: v7.0[0m
[0;32mI (588) wifi:config NVS flash: enabled[0m
[0;32mI (588) wifi:config nano formatting: disabled[0m
[0;32mI (598) wifi:Init data frame dynamic rx buffer num: 32[0m
[0;32mI (598) wifi:Init static rx mgmt buffer num: 5[0m
[0;32mI (608) wifi:Init management short buffer num: 32[0m
[0;32mI (608) wifi:Init dynamic tx buffer num: 32[0m
[0;32mI (618) wifi:Init static rx buffer size: 1600[0m
[0;32mI (618) wifi:Init static rx buffer num: 10[0m
[0;32mI (618) wifi:Init dynamic rx buffer num: 32[0m
[0;32mI (628) wifi_init: rx ba win: 6[0m
[0;32mI (628) wifi_init: accept mbox: 6[0m
[0;32mI (628) wifi_init: tcpip mbox: 32[0m
[0;32mI (638) wifi_init: udp mbox: 6[0m
[0;32mI (638) wifi_init: tcp mbox: 6[0m
[0;32mI (638) wifi_init: tcp tx win: 5760[0m
[0;32mI (638) wifi_init: tcp rx win: 5760[0m
[0;32mI (648) wifi_init: tcp mss: 1440[0m
[0;32mI (648) wifi_init: WiFi IRAM OP enabled[0m
[0;32mI (648) wifi_init: WiFi RX IRAM OP enabled[0m
[0;32mI (658) phy_init: phy_version 4860,6b7a6e5,Feb  6 2025,14:47:07[0m
[0;32mI (738) wifi:mode : sta (10:06:1c:f2:32:78)[0m
[0;32mI (738) wifi:enable tsf[0m
[0;32mI (738) example_connect: Connecting to The Watling Boys...[0m
[0;33mW (748) wifi:Password length matches WPA2 standards, authmode threshold changes from OPEN to WPA2[0m
[0;32mI (748) example_connect: Waiting for IP(s)[0m
[0;32mI (3408) wifi:new:<1,0>, old:<1,0>, ap:<255,255>, sta:<1,0>, prof:1, snd_ch_cfg:0x0[0m
[0;32mI (3408) wifi:state: init -> auth (0xb0)[0m
[0;32mI (3428) wifi:state: auth -> assoc (0x0)[0m
[0;32mI (3428) wifi:state: assoc -> run (0x10)[0m
[0;32mI (3458) wifi:connected with The Watling Boys, aid = 21, channel 1, BW20, bssid = 78:8d:af:2d:e5:84[0m
[0;32mI (3458) wifi:security: WPA2-PSK, phy: bgn, rssi: -47[0m
[0;32mI (3458) wifi:pm start, type: 1[0m

[0;32mI (3458) wifi:dp: 1, bi: 102400, li: 3, scale listen interval from 307200 us to 307200 us[0m
[0;32mI (3478) wifi:<ba-add>idx:0 (ifx:0, 78:8d:af:2d:e5:84), tid:7, ssn:1, winSize:64[0m
[0;32mI (3508) wifi:AP's beacon interval = 102400 us, DTIM period = 1[0m
[0;32mI (4518) esp_netif_handlers: example_netif_sta ip: 192.168.2.124, mask: 255.255.255.0, gw: 192.168.2.1[0m
[0;32mI (4518) example_connect: Got IPv4 event: Interface "example_netif_sta" address: 192.168.2.124[0m
[0;32mI (4568) example_connect: Got IPv6 event: Interface "example_netif_sta" address: fe80:0000:0000:0000:1206:1cff:fef2:3278, type: ESP_IP6_ADDR_IS_LINK_LOCAL[0m
[0;32mI (4568) example_common: Connected to example_netif_sta[0m
[0;32mI (4578) example_common: - IPv4 address: 192.168.2.124,[0m
[0;32mI (4578) example_common: - IPv6 address: fe80:0000:0000:0000:1206:1cff:fef2:3278, type: ESP_IP6_ADDR_IS_LINK_LOCAL[0m
[0;32mI (4588) example: Socket created[0m
[0;32mI (4588) example: Socket bound, port 7777[0m
[0;32mI (4598) example: Socket listening[0m
[0;32mI (4598) main_task: Returned from app_main()[0m
[0;32mI (9048) wifi:<ba-add>idx:1 (ifx:0, 78:8d:af:2d:e5:84), tid:0, ssn:1, winSize:64[0m
[0;32mI (9568) example: Socket accepted ip address: 192.168.2.214[0m
[0;32mI (9568) example: Received 25 bytes: Message from ESP32 Vamsi [0m
[0;32mI (9588) example: Received 25 bytes: Message from ESP32 Vamsi [0m
[0;32mI (9598) example: Received 25 bytes: Message from ESP32 Vamsi [0m
[0;32mI (9608) example: Received 25 bytes: Message from ESP32 Vamsi [0m
[0;32mI (9618) example: Received 25 bytes: Message from ESP32 Vamsi [0m
ets Jul 29 2019 12:21:46

rst:0x7 (TG0WDT_SYS_RESET),boot:0x13 (SPI_FAST_FLASH_BOOT)
configsip: 0, SPIWP:0xee
clk_drv:0x00,q_drv:0x00,d_drv:0x00,cs0_drv:0x00,hd_drv:0x00,wp_drv:0x00
mode:DIO, clock div:2
load:0x3fff0030,len:6276
load:0x40078000,len:15748
load:0x40080400,len:4
ho 8 tail 4 room 4
load:0x40080404,len:3860
entry 0x4008063c
[0;32mI (61) boot: ESP-IDF v5.4.1 2nd stage bootloader[0m
[0;32mI (61) boot: compile time Jun 25 2025 11:59:08[0m
[0;32mI (61) boot: Multicore bootloader[0m
[0;32mI (64) boot: chip revision: v3.1[0m
[0;32mI (66) boot.esp32: SPI Speed      : 40MHz[0m
[0;32mI (70) boot.esp32: SPI Mode       : DIO[0m
[0;32mI (74) boot.esp32: SPI Flash Size : 2MB[0m
[0;33mW (77) boot.esp32: PRO CPU has been reset by WDT[0m
[0;33mW (82) boot.esp32: WDT rst info: PRO CPU PC=0x4000c056[0m
[0;33mW (86) boot.esp32: WDT rst info: APP CPU PC=0x4008849a (waiti mode)[0m
[0;32mI (92) boot: Enabling RNG early entropy source...[0m
[0;32mI (97) boot: Partition Table:[0m
[0;32mI (100) boot: ## Label            Usage          Type ST Offset   Length[0m
[0;32mI (106) boot:  0 nvs              WiFi data        01 02 00009000 00006000[0m
[0;32mI (113) boot:  1 phy_init         RF data          01 01 0000f000 00001000[0m
[0;32mI (119) boot:  2 factory          factory app      00 00 00010000 00100000[0m
[0;32mI (126) boot: End of partition table[0m
[0;32mI (129) esp_image: segment 0: paddr=00010020 vaddr=3f400020 size=19960h (104800) map[0m
[0;32mI (173) esp_image: segment 1: paddr=00029988 vaddr=3ff80000 size=0001ch (    28) load[0m
[0;32mI (173) esp_image: segment 2: paddr=000299ac vaddr=3ffb0000 size=03f00h ( 16128) load[0m
[0;32mI (182) esp_image: segment 3: paddr=0002d8b4 vaddr=40080000 size=02764h ( 10084) load[0m
[0;32mI (188) esp_image: segment 4: paddr=00030020 vaddr=400d0020 size=85fech (548844) map[0m
[0;32mI (379) esp_image: segment 5: paddr=000b6014 vaddr=40082764 size=15034h ( 86068) load[0m
[0;32mI (424) boot: Loaded app from partition at offset 0x10000[0m
[0;32mI (424) boot: Disabling RNG early entropy source...[0m
[0;32mI (434) cpu_start: Multicore app[0m
[0;32mI (443) cpu_start: Pro cpu start user code[0m
[0;32mI (443) cpu_start: cpu freq: 160000000 Hz[0m
[0;32mI (443) app_init: Application information:[0m
[0;32mI (443) app_init: Project name:     server[0m
[0;32mI (447) app_init: App version:      1[0m
[0;32mI (450) app_init: Compile time:     Jun 25 2025 11:58:48[0m
[0;32mI (455) app_init: ELF file SHA256:  688cb437d...[0m
[0;32mI (459) app_init: ESP-IDF:          v5.4.1[0m
[0;32mI (463) efuse_init: Min chip rev:     v0.0[0m
[0;32mI (467) efuse_init: Max chip rev:     v3.99 [0m
[0;32mI (471) efuse_init: Chip rev:         v3.1[0m
[0;32mI (475) heap_init: Initializing. RAM available for dynamic allocation:[0m
[0;32mI (481) heap_init: At 3FFAE6E0 len 00001920 (6 KiB): DRAM[0m
[0;32mI (486) heap_init: At 3FFB81C0 len 00027E40 (159 KiB): DRAM[0m
[0;32mI (492) heap_init: At 3FFE0440 len 00003AE0 (14 KiB): D/IRAM[0m
[0;32mI (497) heap_init: At 3FFE4350 len 0001BCB0 (111 KiB): D/IRAM[0m
[0;32mI (502) heap_init: At 40097798 len 00008868 (34 KiB): IRAM[0m
[0;32mI (509) spi_flash: detected chip: generic[0m
[0;32mI (511) spi_flash: flash io: dio[0m
[0;33mW (514) spi_flash: Detected size(4096k) larger than the size in the binary image header(2048k). Using the size in the binary image header.[0m
[0;32mI (528) main_task: Started on CPU0[0m
[0;32mI (538) main_task: Calling app_main()[0m
[0;32mI (568) example_connect: Start example_connect.[0m
[0;32mI (578) wifi:wifi driver task: 3ffbfe2c, prio:23, stack:6656, core=0[0m
[0;32mI (588) wifi:wifi firmware version: 79fa3f41ba[0m
[0;32mI (588) wifi:wifi certification version: v7.0[0m
[0;32mI (588) wifi:config NVS flash: enabled[0m
[0;32mI (588) wifi:config nano formatting: disabled[0m
[0;32mI (598) wifi:Init data frame dynamic rx buffer num: 32[0m
[0;32mI (598) wifi:Init static rx mgmt buffer num: 5[0m
[0;32mI (608) wifi:Init management short buffer num: 32[0m
[0;32mI (608) wifi:Init dynamic tx buffer num: 32[0m
[0;32mI (618) wifi:Init static rx buffer size: 1600[0m
[0;32mI (618) wifi:Init static rx buffer num: 10[0m
[0;32mI (618) wifi:Init dynamic rx buffer num: 32[0m
[0;32mI (628) wifi_init: rx ba win: 6[0m
[0;32mI (628) wifi_init: accept mbox: 6[0m
[0;32mI (628) wifi_init: tcpip mbox: 32[0m
[0;32mI (638) wifi_init: udp mbox: 6[0m
[0;32mI (638) wifi_init: tcp mbox: 6[0m
[0;32mI (638) wifi_init: tcp tx win: 5760[0m
[0;32mI (638) wifi_init: tcp rx win: 5760[0m
[0;32mI (648) wifi_init: tcp mss: 1440[0m
[0;32mI (648) wifi_init: WiFi IRAM OP enabled[0m
[0;32mI (648) wifi_init: WiFi RX IRAM OP enabled[0m
[0;32mI (658) phy_init: phy_version 4860,6b7a6e5,Feb  6 2025,14:47:07[0m
[0;32mI (738) wifi:mode : sta (10:06:1c:f2:32:78)[0m
[0;32mI (738) wifi:enable tsf[0m
[0;32mI (738) example_connect: Connecting to The Watling Boys...[0m
[0;33mW (738) wifi:Password length matches WPA2 standards, authmode threshold changes from OPEN to WPA2[0m
[0;32mI (748) example_connect: Waiting for IP(s)[0m
[0;32mI (3408) wifi:new:<1,0>, old:<1,0>, ap:<255,255>, sta:<1,0>, prof:1, snd_ch_cfg:0x0[0m
[0;32mI (3408) wifi:state: init -> auth (0xb0)[0m
[0;32mI (3418) wifi:state: auth -> assoc (0x0)[0m
[0;32mI (3428) wifi:state: assoc -> run (0x10)[0m
[0;32mI (3458) wifi:connected with The Watling Boys, aid = 22, channel 1, BW20, bssid = 78:8d:af:2d:e5:84[0m
[0;32mI (3458) wifi:security: WPA2-PSK, phy: bgn, rssi: -42[0m
[0;32mI (3458) wifi:pm start, type: 1[0m

[0;32mI (3468) wifi:dp: 1, bi: 102400, li: 3, scale listen interval from 307200 us to 307200 us[0m
[0;32mI (3488) wifi:<ba-add>idx:0 (ifx:0, 78:8d:af:2d:e5:84), tid:7, ssn:1, winSize:64[0m
[0;32mI (3548) wifi:AP's beacon interval = 102400 us, DTIM period = 1[0m
[0;32mI (4508) esp_netif_handlers: example_netif_sta ip: 192.168.2.124, mask: 255.255.255.0, gw: 192.168.2.1[0m
[0;32mI (4508) example_connect: Got IPv4 event: Interface "example_netif_sta" address: 192.168.2.124[0m
[0;32mI (4568) example_connect: Got IPv6 event: Interface "example_netif_sta" address: fe80:0000:0000:0000:1206:1cff:fef2:3278, type: ESP_IP6_ADDR_IS_LINK_LOCAL[0m
[0;32mI (4568) example_common: Connected to example_netif_sta[0m
[0;32mI (4578) example_common: - IPv4 address: 192.168.2.124,[0m
[0;32mI (4578) example_common: - IPv6 address: fe80:0000:0000:0000:1206:1cff:fef2:3278, type: ESP_IP6_ADDR_IS_LINK_LOCAL[0m
[0;32mI (4588) example: Socket created[0m
[0;32mI (4588) example: Socket bound, port 7777[0m
[0;32mI (4598) example: Socket listening[0m
[0;32mI (4598) main_task: Returned from app_main()[0m
[0;32mI (9398) wifi:<ba-add>idx:1 (ifx:0, 78:8d:af:2d:e5:84), tid:0, ssn:1, winSize:64[0m
[0;32mI (9808) example: Socket accepted ip address: 192.168.2.214[0m
[0;32mI (9808) example: Received 25 bytes: Message from ESP32 Vamsi [0m
[0;32mI (9818) example: Received 25 bytes: Message from ESP32 Vamsi [0m
[0;32mI (9828) example: Received 25 bytes: Message from ESP32 Vamsi [0m
[0;32mI (9838) example: Received 25 bytes: Message from ESP32 Vamsi [0m
[0;32mI (9848) example: Received 25 bytes: Message from ESP32 Vamsi [0m
[0;32mI (9858) example: Received 25 bytes: Message from ESP32 Vamsi [0m
[0;32mI (9868) example: Received 25 bytes: Message from ESP32 Vamsi [0m
[0;32mI (9878) example: Received 25 bytes: Message from ESP32 Vamsi [0m
[0;32mI (9888) example: Received 25 bytes: Message from ESP32 Vamsi [0m
[0;32mI (9898) example: Received 25 bytes: Message from ESP32 Vamsi [0m
[0;32mI (9918) example: Received 25 bytes: Message from ESP32 Vamsi [0m
[0;32mI (9928) example: Received 25 bytes: Message from ESP32 Vamsi [0m
[0;32mI (9938) example: Received 25 bytes: Message from ESP32 Vamsi [0m
[0;32mI (9948) example: Received 25 bytes: Message from ESP32 Vamsi [0m
[0;32mI (9958) example: Received 25 bytes: Message from ESP32 Vamsi [0m
[0;32mI (9968) example: Received 25 bytes: Message from ESP32 Vamsi [0m
[0;32mI (9978) example: Received 25 bytes: Message from ESP32 Vamsi [0m
[0;32mI (9988) example: Received 25 bytes: Message from ESP32 Vamsi [0m
[0;32mI (10008) example: Received 25 bytes: Message from ESP32 Vamsi [0m
ets Jul 29 2019 12:21:46

rst:0x7 (TG0WDT_SYS_RESET),boot:0x13 (SPI_FAST_FLASH_BOOT)
configsip: 0, SPIWP:0xee
clk_drv:0x00,q_drv:0x00,d_drv:0x00,cs0_drv:0x00,hd_drv:0x00,wp_drv:0x00
mode:DIO, clock div:2
load:0x3fff0030,len:6276
load:0x40078000,len:15748
load:0x40080400,len:4
ho 8 tail 4 room 4
load:0x40080404,len:3860
entry 0x4008063c
[0;32mI (61) boot: ESP-IDF v5.4.1 2nd stage bootloader[0m
[0;32mI (61) boot: compile time Jun 25 2025 11:59:08[0m
[0;32mI (61) boot: Multicore bootloader[0m
[0;32mI (64) boot: chip revision: v3.1[0m
[0;32mI (66) boot.esp32: SPI Speed      : 40MHz[0m
[0;32mI (70) boot.esp32: SPI Mode       : DIO[0m
[0;32mI (74) boot.esp32: SPI Flash Size : 2MB[0m
[0;33mW (77) boot.esp32: PRO CPU has been reset by WDT[0m
[0;33mW (82) boot.esp32: WDT rst info: PRO CPU PC=0x4000c056[0m
[0;33mW (86) boot.esp32: WDT rst info: APP CPU PC=0x4008849a (waiti mode)[0m
[0;32mI (92) boot: Enabling RNG early entropy source...[0m
[0;32mI (97) boot: Partition Table:[0m
[0;32mI (100) boot: ## Label            Usage          Type ST Offset   Length[0m
[0;32mI (106) boot:  0 nvs              WiFi data        01 02 00009000 00006000[0m
[0;32mI (113) boot:  1 phy_init         RF data          01 01 0000f000 00001000[0m
[0;32mI (119) boot:  2 factory          factory app      00 00 00010000 00100000[0m
[0;32mI (126) boot: End of partition table[0m
[0;32mI (129) esp_image: segment 0: paddr=00010020 vaddr=3f400020 size=19960h (104800) map[0m
[0;32mI (173) esp_image: segment 1: paddr=00029988 vaddr=3ff80000 size=0001ch (    28) load[0m
[0;32mI (173) esp_image: segment 2: paddr=000299ac vaddr=3ffb0000 size=03f00h ( 16128) load[0m
[0;32mI (182) esp_image: segment 3: paddr=0002d8b4 vaddr=40080000 size=02764h ( 10084) load[0m
[0;32mI (188) esp_image: segment 4: paddr=00030020 vaddr=400d0020 size=85fech (548844) map[0m
[0;32mI (379) esp_image: segment 5: paddr=000b6014 vaddr=40082764 size=15034h ( 86068) load[0m
[0;32mI (424) boot: Loaded app from partition at offset 0x10000[0m
[0;32mI (424) boot: Disabling RNG early entropy source...[0m
[0;32mI (434) cpu_start: Multicore app[0m
[0;32mI (443) cpu_start: Pro cpu start user code[0m
[0;32mI (443) cpu_start: cpu freq: 160000000 Hz[0m
[0;32mI (443) app_init: Application information:[0m
[0;32mI (443) app_init: Project name:     server[0m
[0;32mI (447) app_init: App version:      1[0m
[0;32mI (450) app_init: Compile time:     Jun 25 2025 11:58:48[0m
[0;32mI (455) app_init: ELF file SHA256:  688cb437d...[0m
[0;32mI (459) app_init: ESP-IDF:          v5.4.1[0m
[0;32mI (463) efuse_init: Min chip rev:     v0.0[0m
[0;32mI (467) efuse_init: Max chip rev:     v3.99 [0m
[0;32mI (471) efuse_init: Chip rev:         v3.1[0m
[0;32mI (475) heap_init: Initializing. RAM available for dynamic allocation:[0m
[0;32mI (481) heap_init: At 3FFAE6E0 len 00001920 (6 KiB): DRAM[0m
[0;32mI (486) heap_init: At 3FFB81C0 len 00027E40 (159 KiB): DRAM[0m
[0;32mI (492) heap_init: At 3FFE0440 len 00003AE0 (14 KiB): D/IRAM[0m
[0;32mI (497) heap_init: At 3FFE4350 len 0001BCB0 (111 KiB): D/IRAM[0m
[0;32mI (502) heap_init: At 40097798 len 00008868 (34 KiB): IRAM[0m
[0;32mI (509) spi_flash: detected chip: generic[0m
[0;32mI (511) spi_flash: flash io: dio[0m
[0;33mW (514) spi_flash: Detected size(4096k) larger than the size in the binary image header(2048k). Using the size in the binary image header.[0m
[0;32mI (528) main_task: Started on CPU0[0m
[0;32mI (538) main_task: Calling app_main()[0m
[0;32mI (568) example_connect: Start example_connect.[0m
[0;32mI (578) wifi:wifi driver task: 3ffbfe2c, prio:23, stack:6656, core=0[0m
[0;32mI (588) wifi:wifi firmware version: 79fa3f41ba[0m
[0;32mI (588) wifi:wifi certification version: v7.0[0m
[0;32mI (588) wifi:config NVS flash: enabled[0m
[0;32mI (588) wifi:config nano formatting: disabled[0m
[0;32mI (598) wifi:Init data frame dynamic rx buffer num: 32[0m
[0;32mI (598) wifi:Init static rx mgmt buffer num: 5[0m
[0;32mI (608) wifi:Init management short buffer num: 32[0m
[0;32mI (608) wifi:Init dynamic tx buffer num: 32[0m
[0;32mI (618) wifi:Init static rx buffer size: 1600[0m
[0;32mI (618) wifi:Init static rx buffer num: 10[0m
[0;32mI (618) wifi:Init dynamic rx buffer num: 32[0m
[0;32mI (628) wifi_init: rx ba win: 6[0m
[0;32mI (628) wifi_init: accept mbox: 6[0m
[0;32mI (628) wifi_init: tcpip mbox: 32[0m
[0;32mI (638) wifi_init: udp mbox: 6[0m
[0;32mI (638) wifi_init: tcp mbox: 6[0m
[0;32mI (638) wifi_init: tcp tx win: 5760[0m
[0;32mI (638) wifi_init: tcp rx win: 5760[0m
[0;32mI (648) wifi_init: tcp mss: 1440[0m
[0;32mI (648) wifi_init: WiFi IRAM OP enabled[0m
[0;32mI (648) wifi_init: WiFi RX IRAM OP enabled[0m
[0;32mI (658) phy_init: phy_version 4860,6b7a6e5,Feb  6 2025,14:47:07[0m
[0;32mI (738) wifi:mode : sta (10:06:1c:f2:32:78)[0m
[0;32mI (738) wifi:enable tsf[0m
[0;32mI (738) example_connect: Connecting to The Watling Boys...[0m
[0;33mW (738) wifi:Password length matches WPA2 standards, authmode threshold changes from OPEN to WPA2[0m
[0;32mI (748) example_connect: Waiting for IP(s)[0m
[0;32mI (3408) wifi:new:<1,0>, old:<1,0>, ap:<255,255>, sta:<1,0>, prof:1, snd_ch_cfg:0x0[0m
[0;32mI (3408) wifi:state: init -> auth (0xb0)[0m
[0;32mI (3428) wifi:state: auth -> assoc (0x0)[0m
[0;32mI (3428) wifi:state: assoc -> run (0x10)[0m
[0;32mI (3458) wifi:connected with The Watling Boys, aid = 23, channel 1, BW20, bssid = 78:8d:af:2d:e5:84[0m
[0;32mI (3458) wifi:security: WPA2-PSK, phy: bgn, rssi: -43[0m
[0;32mI (3458) wifi:pm start, type: 1[0m

[0;32mI (3458) wifi:dp: 1, bi: 102400, li: 3, scale listen interval from 307200 us to 307200 us[0m
[0;32mI (3478) wifi:<ba-add>idx:0 (ifx:0, 78:8d:af:2d:e5:84), tid:7, ssn:1, winSize:64[0m
[0;32mI (3518) wifi:AP's beacon interval = 102400 us, DTIM period = 1[0m
[0;32mI (4488) esp_netif_handlers: example_netif_sta ip: 192.168.2.124, mask: 255.255.255.0, gw: 192.168.2.1[0m
[0;32mI (4488) example_connect: Got IPv4 event: Interface "example_netif_sta" address: 192.168.2.124[0m
[0;32mI (4568) example_connect: Got IPv6 event: Interface "example_netif_sta" address: fe80:0000:0000:0000:1206:1cff:fef2:3278, type: ESP_IP6_ADDR_IS_LINK_LOCAL[0m
[0;32mI (4568) example_common: Connected to example_netif_sta[0m
[0;32mI (4578) example_common: - IPv4 address: 192.168.2.124,[0m
[0;32mI (4578) example_common: - IPv6 address: fe80:0000:0000:0000:1206:1cff:fef2:3278, type: ESP_IP6_ADDR_IS_LINK_LOCAL[0m
[0;32mI (4588) example: Socket created[0m
[0;32mI (4588) example: Socket bound, port 7777[0m
[0;32mI (4598) example: Socket listening[0m
[0;32mI (4598) main_task: Returned from app_main()[0m
[0;32mI (9468) wifi:<ba-add>idx:1 (ifx:0, 78:8d:af:2d:e5:84), tid:0, ssn:1, winSize:64[0m
[0;32mI (9588) example: Socket accepted ip address: 192.168.2.214[0m
[0;32mI (9588) example: Received 25 bytes: Message from ESP32 Vamsi [0m
[0;32mI (9598) example: Received 25 bytes: Message from ESP32 Vamsi [0m
[0;32mI (9608) example: Received 25 bytes: Message from ESP32 Vamsi [0m
[0;32mI (9628) example: Received 25 bytes: Message from ESP32 Vamsi [0m
[0;32mI (9638) example: Received 25 bytes: Message from ESP32 Vamsi [0m
[0;32mI (9648) example: Received 25 bytes: Message from ESP32 Vamsi [0m
[0;32mI (9648) example: Received 25 bytes: Message from ESP32 Vamsi [0m
[0;32mI (9668) example: Received 25 bytes: Message from ESP32 Vamsi [0m
[0;32mI (9688) example: Received 25 bytes: Message from ESP32 Vamsi [0m
[0;32mI (9698) example: Received 25 bytes: Message from ESP32 Vamsi [0m
[0;32mI (9698) example: Received 25 bytes: Message from ESP32 Vamsi [0m
[0;32mI (9718) example: Received 25 bytes: Message from ESP32 Vamsi [0m
[0;32mI (9728) example: Received 25 bytes: Message from ESP32 Vamsi [0m
[0;32mI (9728) example: Received 25 bytes: Message from ESP32 Vamsi [0m
[0;32mI (9748) example: Received 25 bytes: Message from ESP32 Vamsi [0m
[0;32mI (9748) example: Received 25 bytes: Message from ESP32 Vamsi [0m
[0;32mI (9778) example: Received 25 bytes: Message from ESP32 Vamsi [0m
[0;32mI (9788) example: Received 25 bytes: Message from ESP32 Vamsi [0m
[0;32mI (9788) example: Received 25 bytes: Message from ESP32 Vamsi [0m
ets Jul 29 2019 12:21:46

rst:0x7 (TG0WDT_SYS_RESET),boot:0x13 (SPI_FAST_FLASH_BOOT)
configsip: 0, SPIWP:0xee
clk_drv:0x00,q_drv:0x00,d_drv:0x00,cs0_drv:0x00,hd_drv:0x00,wp_drv:0x00
mode:DIO, clock div:2
load:0x3fff0030,len:6276
load:0x40078000,len:15748
load:0x40080400,len:4
ho 8 tail 4 room 4
load:0x40080404,len:3860
entry 0x4008063c
[0;32mI (61) boot: ESP-IDF v5.4.1 2nd stage bootloader[0m
[0;32mI (61) boot: compile time Jun 25 2025 11:59:08[0m
[0;32mI (61) boot: Multicore bootloader[0m
[0;32mI (64) boot: chip revision: v3.1[0m
[0;32mI (66) boot.esp32: SPI Speed      : 40MHz[0m
[0;32mI (70) boot.esp32: SPI Mode       : DIO[0m
[0;32mI (74) boot.esp32: SPI Flash Size : 2MB[0m
[0;33mW (77) boot.esp32: PRO CPU has been reset by WDT[0m
[0;33mW (82) boot.esp32: WDT rst info: PRO CPU PC=0x4000c050[0m
[0;33mW (86) boot.esp32: WDT rst info: APP CPU PC=0x4008849a (waiti mode)[0m
[0;32mI (92) boot: Enabling RNG early entropy source...[0m
[0;32mI (97) boot: Partition Table:[0m
[0;32mI (100) boot: ## Label            Usage          Type ST Offset   Length[0m
[0;32mI (106) boot:  0 nvs              WiFi data        01 02 00009000 00006000[0m
[0;32mI (113) boot:  1 phy_init         RF data          01 01 0000f000 00001000[0m
[0;32mI (119) boot:  2 factory          factory app      00 00 00010000 00100000[0m
[0;32mI (126) boot: End of partition table[0m
[0;32mI (129) esp_image: segment 0: paddr=00010020 vaddr=3f400020 size=19960h (104800) map[0m
[0;32mI (173) esp_image: segment 1: paddr=00029988 vaddr=3ff80000 size=0001ch (    28) load[0m
[0;32mI (173) esp_image: segment 2: paddr=000299ac vaddr=3ffb0000 size=03f00h ( 16128) load[0m
[0;32mI (182) esp_image: segment 3: paddr=0002d8b4 vaddr=40080000 size=02764h ( 10084) load[0m
[0;32mI (188) esp_image: segment 4: paddr=00030020 vaddr=400d0020 size=85fech (548844) map[0m
[0;32mI (379) esp_image: segment 5: paddr=000b6014 vaddr=40082764 size=15034h ( 86068) load[0m
[0;32mI (424) boot: Loaded app from partition at offset 0x10000[0m
[0;32mI (424) boot: Disabling RNG early entropy source...[0m
[0;32mI (434) cpu_start: Multicore app[0m
[0;32mI (443) cpu_start: Pro cpu start user code[0m
[0;32mI (443) cpu_start: cpu freq: 160000000 Hz[0m
[0;32mI (443) app_init: Application information:[0m
[0;32mI (443) app_init: Project name:     server[0m
[0;32mI (447) app_init: App version:      1[0m
[0;32mI (450) app_init: Compile time:     Jun 25 2025 11:58:48[0m
[0;32mI (455) app_init: ELF file SHA256:  688cb437d...[0m
[0;32mI (459) app_init: ESP-IDF:          v5.4.1[0m
[0;32mI (463) efuse_init: Min chip rev:     v0.0[0m
[0;32mI (467) efuse_init: Max chip rev:     v3.99 [0m
[0;32mI (471) efuse_init: Chip rev:         v3.1[0m
[0;32mI (475) heap_init: Initializing. RAM available for dynamic allocation:[0m
[0;32mI (481) heap_init: At 3FFAE6E0 len 00001920 (6 KiB): DRAM[0m
[0;32mI (486) heap_init: At 3FFB81C0 len 00027E40 (159 KiB): DRAM[0m
[0;32mI (492) heap_init: At 3FFE0440 len 00003AE0 (14 KiB): D/IRAM[0m
[0;32mI (497) heap_init: At 3FFE4350 len 0001BCB0 (111 KiB): D/IRAM[0m
[0;32mI (502) heap_init: At 40097798 len 00008868 (34 KiB): IRAM[0m
[0;32mI (509) spi_flash: detected chip: generic[0m
[0;32mI (511) spi_flash: flash io: dio[0m
[0;33mW (514) spi_flash: Detected size(4096k) larger than the size in the binary image header(2048k). Using the size in the binary image header.[0m
[0;32mI (528) main_task: Started on CPU0[0m
[0;32mI (538) main_task: Calling app_main()[0m
[0;32mI (568) example_connect: Start example_connect.[0m
[0;32mI (578) wifi:wifi driver task: 3ffbfe2c, prio:23, stack:6656, core=0[0m
[0;32mI (588) wifi:wifi firmware version: 79fa3f41ba[0m
[0;32mI (588) wifi:wifi certification version: v7.0[0m
[0;32mI (588) wifi:config NVS flash: enabled[0m
[0;32mI (588) wifi:config nano formatting: disabled[0m
[0;32mI (598) wifi:Init data frame dynamic rx buffer num: 32[0m
[0;32mI (598) wifi:Init static rx mgmt buffer num: 5[0m
[0;32mI (608) wifi:Init management short buffer num: 32[0m
[0;32mI (608) wifi:Init dynamic tx buffer num: 32[0m
[0;32mI (618) wifi:Init static rx buffer size: 1600[0m
[0;32mI (618) wifi:Init static rx buffer num: 10[0m
[0;32mI (618) wifi:Init dynamic rx buffer num: 32[0m
[0;32mI (628) wifi_init: rx ba win: 6[0m
[0;32mI (628) wifi_init: accept mbox: 6[0m
[0;32mI (628) wifi_init: tcpip mbox: 32[0m
[0;32mI (638) wifi_init: udp mbox: 6[0m
[0;32mI (638) wifi_init: tcp mbox: 6[0m
[0;32mI (638) wifi_init: tcp tx win: 5760[0m
[0;32mI (638) wifi_init: tcp rx win: 5760[0m
[0;32mI (648) wifi_init: tcp mss: 1440[0m
[0;32mI (648) wifi_init: WiFi IRAM OP enabled[0m
[0;32mI (648) wifi_init: WiFi RX IRAM OP enabled[0m
[0;32mI (658) phy_init: phy_version 4860,6b7a6e5,Feb  6 2025,14:47:07[0m
[0;32mI (738) wifi:mode : sta (10:06:1c:f2:32:78)[0m
[0;32mI (738) wifi:enable tsf[0m
[0;32mI (748) example_connect: Connecting to The Watling Boys...[0m
[0;33mW (748) wifi:Password length matches WPA2 standards, authmode threshold changes from OPEN to WPA2[0m
[0;32mI (748) example_connect: Waiting for IP(s)[0m
[0;32mI (3408) wifi:new:<1,0>, old:<1,0>, ap:<255,255>, sta:<1,0>, prof:1, snd_ch_cfg:0x0[0m
[0;32mI (3408) wifi:state: init -> auth (0xb0)[0m
[0;32mI (3418) wifi:state: auth -> assoc (0x0)[0m
[0;32mI (3428) wifi:state: assoc -> run (0x10)[0m
[0;32mI (3448) wifi:connected with The Watling Boys, aid = 20, channel 1, BW20, bssid = 78:8d:af:2d:e5:84[0m
[0;32mI (3458) wifi:security: WPA2-PSK, phy: bgn, rssi: -40[0m
[0;32mI (3458) wifi:pm start, type: 1[0m

[0;32mI (3458) wifi:dp: 1, bi: 102400, li: 3, scale listen interval from 307200 us to 307200 us[0m
[0;32mI (3478) wifi:<ba-add>idx:0 (ifx:0, 78:8d:af:2d:e5:84), tid:7, ssn:1, winSize:64[0m
[0;32mI (3488) wifi:AP's beacon interval = 102400 us, DTIM period = 1[0m
[0;32mI (4508) esp_netif_handlers: example_netif_sta ip: 192.168.2.124, mask: 255.255.255.0, gw: 192.168.2.1[0m
[0;32mI (4508) example_connect: Got IPv4 event: Interface "example_netif_sta" address: 192.168.2.124[0m
[0;32mI (4568) example_connect: Got IPv6 event: Interface "example_netif_sta" address: fe80:0000:0000:0000:1206:1cff:fef2:3278, type: ESP_IP6_ADDR_IS_LINK_LOCAL[0m
[0;32mI (4568) example_common: Connected to example_netif_sta[0m
[0;32mI (4578) example_common: - IPv4 address: 192.168.2.124,[0m
[0;32mI (4578) example_common: - IPv6 address: fe80:0000:0000:0000:1206:1cff:fef2:3278, type: ESP_IP6_ADDR_IS_LINK_LOCAL[0m
[0;32mI (4588) example: Socket created[0m
[0;32mI (4588) example: Socket bound, port 7777[0m
[0;32mI (4598) example: Socket listening[0m
[0;32mI (4598) main_task: Returned from app_main()[0m
[0;32mI (9128) wifi:<ba-add>idx:1 (ifx:0, 78:8d:af:2d:e5:84), tid:0, ssn:1, winSize:64[0m
[0;32mI (9158) example: Socket accepted ip address: 192.168.2.214[0m
[0;32mI (9158) example: Received 25 bytes: Message from ESP32 Vamsi [0m
[0;32mI (9178) example: Received 25 bytes: Message from ESP32 Vamsi [0m
[0;32mI (9178) example: Received 25 bytes: Message from ESP32 Vamsi [0m
[0;32mI (9188) example: Received 25 bytes: Message from ESP32 Vamsi [0m
[0;32mI (9198) example: Received 25 bytes: Message from ESP32 Vamsi [0m
[0;32mI (9208) example: Received 25 bytes: Message from ESP32 Vamsi [0m
[0;32mI (9208) example: Received 25 bytes: Message from ESP32 Vamsi [0m
[0;32mI (9238) example: Received 25 bytes: Message from ESP32 Vamsi [0m
[0;32mI (9248) example: Received 25 bytes: Message from ESP32 Vamsi [0m
[0;32mI (9248) example: Received 25 bytes: Message from ESP32 Vamsi [0m
[0;32mI (9258) example: Received 25 bytes: Message from ESP32 Vamsi [0m
[0;32mI (9268) example: Received 25 bytes: Message from ESP32 Vamsi [0m
[0;32mI (9288) example: Received 25 bytes: Message from ESP32 Vamsi [0m
[0;32mI (9298) example: Received 25 bytes: Message from ESP32 Vamsi [0m
[0;32mI (9308) example: Received 25 bytes: Message from ESP32 Vamsi [0m
[0;32mI (9318) example: Received 25 bytes: Message from ESP32 Vamsi [0m
[0;32mI (9338) example: Received 25 bytes: Message from ESP32 Vamsi [0m
[0;32mI (9348) example: Received 25 bytes: Message from ESP32 Vamsi [0m
[0;32mI (9358) example: Received 25 bytes: Message from ESP32 Vamsi [0m
ets Jul 29 2019 12:21:46

rst:0x7 (TG0WDT_SYS_RESET),boot:0x13 (SPI_FAST_FLASH_BOOT)
configsip: 0, SPIWP:0xee
clk_drv:0x00,q_drv:0x00,d_drv:0x00,cs0_drv:0x00,hd_drv:0x00,wp_drv:0x00
mode:DIO, clock div:2
load:0x3fff0030,len:6276
load:0x40078000,len:15748
load:0x40080400,len:4
ho 8 tail 4 room 4
load:0x40080404,len:3860
entry 0x4008063c
[0;32mI (61) boot: ESP-IDF v5.4.1 2nd stage bootloader[0m
[0;32mI (61) boot: compile time Jun 25 2025 11:59:08[0m
[0;32mI (61) boot: Multicore bootloader[0m
[0;32mI (64) boot: chip revision: v3.1[0m
[0;32mI (66) boot.esp32: SPI Speed      : 40MHz[0m
[0;32mI (70) boot.esp32: SPI Mode       : DIO[0m
[0;32mI (74) boot.esp32: SPI Flash Size : 2MB[0m
[0;33mW (77) boot.esp32: PRO CPU has been reset by WDT[0m
[0;33mW (82) boot.esp32: WDT rst info: PRO CPU PC=0x4000c053[0m
[0;33mW (86) boot.esp32: WDT rst info: APP CPU PC=0x4008849a (waiti mode)[0m
[0;32mI (92) boot: Enabling RNG early entropy source...[0m
[0;32mI (97) boot: Partition Table:[0m
[0;32mI (100) boot: ## Label            Usage          Type ST Offset   Length[0m
[0;32mI (106) boot:  0 nvs              WiFi data        01 02 00009000 00006000[0m
[0;32mI (113) boot:  1 phy_init         RF data          01 01 0000f000 00001000[0m
[0;32mI (119) boot:  2 factory          factory app      00 00 00010000 00100000[0m
[0;32mI (126) boot: End of partition table[0m
[0;32mI (129) esp_image: segment 0: paddr=00010020 vaddr=3f400020 size=19960h (104800) map[0m
[0;32mI (173) esp_image: segment 1: paddr=00029988 vaddr=3ff80000 size=0001ch (    28) load[0m
[0;32mI (173) esp_image: segment 2: paddr=000299ac vaddr=3ffb0000 size=03f00h ( 16128) load[0m
[0;32mI (182) esp_image: segment 3: paddr=0002d8b4 vaddr=40080000 size=02764h ( 10084) load[0m
[0;32mI (188) esp_image: segment 4: paddr=00030020 vaddr=400d0020 size=85fech (548844) map[0m
[0;32mI (379) esp_image: segment 5: paddr=000b6014 vaddr=40082764 size=15034h ( 86068) load[0m
[0;32mI (424) boot: Loaded app from partition at offset 0x10000[0m
[0;32mI (424) boot: Disabling RNG early entropy source...[0m
[0;32mI (434) cpu_start: Multicore app[0m
[0;32mI (443) cpu_start: Pro cpu start user code[0m
[0;32mI (443) cpu_start: cpu freq: 160000000 Hz[0m
[0;32mI (443) app_init: Application information:[0m
[0;32mI (443) app_init: Project name:     server[0m
[0;32mI (447) app_init: App version:      1[0m
[0;32mI (450) app_init: Compile time:     Jun 25 2025 11:58:48[0m
[0;32mI (455) app_init: ELF file SHA256:  688cb437d...[0m
[0;32mI (459) app_init: ESP-IDF:          v5.4.1[0m
[0;32mI (463) efuse_init: Min chip rev:     v0.0[0m
[0;32mI (467) efuse_init: Max chip rev:     v3.99 [0m
[0;32mI (471) efuse_init: Chip rev:         v3.1[0m
[0;32mI (475) heap_init: Initializing. RAM available for dynamic allocation:[0m
[0;32mI (481) heap_init: At 3FFAE6E0 len 00001920 (6 KiB): DRAM[0m
[0;32mI (486) heap_init: At 3FFB81C0 len 00027E40 (159 KiB): DRAM[0m
[0;32mI (492) heap_init: At 3FFE0440 len 00003AE0 (14 KiB): D/IRAM[0m
[0;32mI (497) heap_init: At 3FFE4350 len 0001BCB0 (111 KiB): D/IRAM[0m
[0;32mI (502) heap_init: At 40097798 len 00008868 (34 KiB): IRAM[0m
[0;32mI (509) spi_flash: detected chip: generic[0m
[0;32mI (511) spi_flash: flash io: dio[0m
[0;33mW (514) spi_flash: Detected size(4096k) larger than the size in the binary image header(2048k). Using the size in the binary image header.[0m
[0;32mI (528) main_task: Started on CPU0[0m
[0;32mI (538) main_task: Calling app_main()[0m
[0;32mI (568) example_connect: Start example_connect.[0m
[0;32mI (578) wifi:wifi driver task: 3ffbfe2c, prio:23, stack:6656, core=0[0m
[0;32mI (588) wifi:wifi firmware version: 79fa3f41ba[0m
[0;32mI (588) wifi:wifi certification version: v7.0[0m
[0;32mI (588) wifi:config NVS flash: enabled[0m
[0;32mI (588) wifi:config nano formatting: disabled[0m
[0;32mI (598) wifi:Init data frame dynamic rx buffer num: 32[0m
[0;32mI (598) wifi:Init static rx mgmt buffer num: 5[0m
[0;32mI (608) wifi:Init management short buffer num: 32[0m
[0;32mI (608) wifi:Init dynamic tx buffer num: 32[0m
[0;32mI (618) wifi:Init static rx buffer size: 1600[0m
[0;32mI (618) wifi:Init static rx buffer num: 10[0m
[0;32mI (618) wifi:Init dynamic rx buffer num: 32[0m
[0;32mI (628) wifi_init: rx ba win: 6[0m
[0;32mI (628) wifi_init: accept mbox: 6[0m
[0;32mI (628) wifi_init: tcpip mbox: 32[0m
[0;32mI (638) wifi_init: udp mbox: 6[0m
[0;32mI (638) wifi_init: tcp mbox: 6[0m
[0;32mI (638) wifi_init: tcp tx win: 5760[0m
[0;32mI (638) wifi_init: tcp rx win: 5760[0m
[0;32mI (648) wifi_init: tcp mss: 1440[0m
[0;32mI (648) wifi_init: WiFi IRAM OP enabled[0m
[0;32mI (648) wifi_init: WiFi RX IRAM OP enabled[0m
[0;32mI (658) phy_init: phy_version 4860,6b7a6e5,Feb  6 2025,14:47:07[0m
[0;32mI (738) wifi:mode : sta (10:06:1c:f2:32:78)[0m
[0;32mI (738) wifi:enable tsf[0m
[0;32mI (738) example_connect: Connecting to The Watling Boys...[0m
[0;33mW (748) wifi:Password length matches WPA2 standards, authmode threshold changes from OPEN to WPA2[0m
[0;32mI (748) example_connect: Waiting for IP(s)[0m
[0;32mI (3408) wifi:new:<1,0>, old:<1,0>, ap:<255,255>, sta:<1,0>, prof:1, snd_ch_cfg:0x0[0m
[0;32mI (3408) wifi:state: init -> auth (0xb0)[0m
[0;32mI (3418) wifi:state: auth -> assoc (0x0)[0m
[0;32mI (3428) wifi:state: assoc -> run (0x10)[0m
[0;32mI (3448) wifi:connected with The Watling Boys, aid = 25, channel 1, BW20, bssid = 78:8d:af:2d:e5:84[0m
[0;32mI (3448) wifi:security: WPA2-PSK, phy: bgn, rssi: -38[0m
[0;32mI (3448) wifi:pm start, type: 1[0m

[0;32mI (3458) wifi:dp: 1, bi: 102400, li: 3, scale listen interval from 307200 us to 307200 us[0m
[0;32mI (3478) wifi:<ba-add>idx:0 (ifx:0, 78:8d:af:2d:e5:84), tid:7, ssn:1, winSize:64[0m
[0;32mI (3488) wifi:AP's beacon interval = 102400 us, DTIM period = 1[0m
[0;32mI (4488) esp_netif_handlers: example_netif_sta ip: 192.168.2.124, mask: 255.255.255.0, gw: 192.168.2.1[0m
[0;32mI (4488) example_connect: Got IPv4 event: Interface "example_netif_sta" address: 192.168.2.124[0m
[0;32mI (4568) example_connect: Got IPv6 event: Interface "example_netif_sta" address: fe80:0000:0000:0000:1206:1cff:fef2:3278, type: ESP_IP6_ADDR_IS_LINK_LOCAL[0m
[0;32mI (4568) example_common: Connected to example_netif_sta[0m
[0;32mI (4578) example_common: - IPv4 address: 192.168.2.124,[0m
[0;32mI (4578) example_common: - IPv6 address: fe80:0000:0000:0000:1206:1cff:fef2:3278, type: ESP_IP6_ADDR_IS_LINK_LOCAL[0m
[0;32mI (4588) example: Socket created[0m
[0;32mI (4588) example: Socket bound, port 7777[0m
[0;32mI (4598) example: Socket listening[0m
[0;32mI (4598) main_task: Returned from app_main()[0m
[0;32mI (9328) wifi:<ba-add>idx:1 (ifx:0, 78:8d:af:2d:e5:84), tid:0, ssn:1, winSize:64[0m
[0;32mI (9938) example: Socket accepted ip address: 192.168.2.214[0m
[0;32mI (9938) example: Received 25 bytes: Message from ESP32 Vamsi [0m
[0;32mI (10148) example: Received 25 bytes: Message from ESP32 Vamsi [0m
[0;32mI (10348) example: Received 25 bytes: Message from ESP32 Vamsi [0m
[0;32mI (10558) example: Received 25 bytes: Message from ESP32 Vamsi [0m
[0;32mI (10758) example: Received 25 bytes: Message from ESP32 Vamsi [0m
[0;32mI (10958) example: Received 25 bytes: Message from ESP32 Vamsi [0m
[0;32mI (11178) example: Received 25 bytes: Message from ESP32 Vamsi [0m
[0;32mI (11378) example: Received 25 bytes: Message from ESP32 Vamsi [0m
[0;32mI (11578) example: Received 25 bytes: Message from ESP32 Vamsi [0m
[0;32mI (11788) example: Received 25 bytes: Message from ESP32 Vamsi [0m
[0;32mI (11988) example: Received 25 bytes: Message from ESP32 Vamsi [0m
[0;32mI (12188) example: Received 25 bytes: Message from ESP32 Vamsi [0m
[0;32mI (12398) example: Received 25 bytes: Message from ESP32 Vamsi [0m
[0;32mI (12598) example: Received 25 bytes: Message from ESP32 Vamsi [0m
[0;32mI (12808) example: Received 25 bytes: Message from ESP32 Vamsi [0m
[0;32mI (13008) example: Received 25 bytes: Message from ESP32 Vamsi [0m
[0;32mI (13218) example: Received 25 bytes: Message from ESP32 Vamsi [0m
[0;32mI (13418) example: Received 25 bytes: Message from ESP32 Vamsi [0m
[0;32mI (13608) example: Received 25 bytes: Message from ESP32 Vamsi [0m
ets Jul 29 2019 12:21:46

rst:0x7 (TG0WDT_SYS_RESET),boot:0x13 (SPI_FAST_FLASH_BOOT)
configsip: 0, SPIWP:0xee
clk_drv:0x00,q_drv:0x00,d_drv:0x00,cs0_drv:0x00,hd_drv:0x00,wp_drv:0x00
mode:DIO, clock div:2
load:0x3fff0030,len:6276
load:0x40078000,len:15748
load:0x40080400,len:4
ho 8 tail 4 room 4
load:0x40080404,len:3860
entry 0x4008063c
[0;32mI (61) boot: ESP-IDF v5.4.1 2nd stage bootloader[0m
[0;32mI (61) boot: compile time Jun 25 2025 11:59:08[0m
[0;32mI (61) boot: Multicore bootloader[0m
[0;32mI (64) boot: chip revision: v3.1[0m
[0;32mI (66) boot.esp32: SPI Speed      : 40MHz[0m
[0;32mI (70) boot.esp32: SPI Mode       : DIO[0m
[0;32mI (74) boot.esp32: SPI Flash Size : 2MB[0m
[0;33mW (77) boot.esp32: PRO CPU has been reset by WDT[0m
[0;33mW (82) boot.esp32: WDT rst info: PRO CPU PC=0x40008544[0m
[0;33mW (86) boot.esp32: WDT rst info: APP CPU PC=0x4008849a (waiti mode)[0m
[0;32mI (92) boot: Enabling RNG early entropy source...[0m
[0;32mI (97) boot: Partition Table:[0m
[0;32mI (100) boot: ## Label            Usage          Type ST Offset   Length[0m
[0;32mI (106) boot:  0 nvs              WiFi data        01 02 00009000 00006000[0m
[0;32mI (113) boot:  1 phy_init         RF data          01 01 0000f000 00001000[0m
[0;32mI (119) boot:  2 factory          factory app      00 00 00010000 00100000[0m
[0;32mI (126) boot: End of partition table[0m
[0;32mI (129) esp_image: segment 0: paddr=00010020 vaddr=3f400020 size=19960h (104800) map[0m
[0;32mI (173) esp_image: segment 1: paddr=00029988 vaddr=3ff80000 size=0001ch (    28) load[0m
[0;32mI (173) esp_image: segment 2: paddr=000299ac vaddr=3ffb0000 size=03f00h ( 16128) load[0m
[0;32mI (182) esp_image: segment 3: paddr=0002d8b4 vaddr=40080000 size=02764h ( 10084) load[0m
[0;32mI (188) esp_image: segment 4: paddr=00030020 vaddr=400d0020 size=85fech (548844) map[0m
[0;32mI (379) esp_image: segment 5: paddr=000b6014 vaddr=40082764 size=15034h ( 86068) load[0m
[0;32mI (424) boot: Loaded app from partition at offset 0x10000[0m
[0;32mI (424) boot: Disabling RNG early entropy source...[0m
[0;32mI (434) cpu_start: Multicore app[0m
[0;32mI (443) cpu_start: Pro cpu start user code[0m
[0;32mI (443) cpu_start: cpu freq: 160000000 Hz[0m
[0;32mI (443) app_init: Application information:[0m
[0;32mI (443) app_init: Project name:     server[0m
[0;32mI (447) app_init: App version:      1[0m
[0;32mI (450) app_init: Compile time:     Jun 25 2025 11:58:48[0m
[0;32mI (455) app_init: ELF file SHA256:  688cb437d...[0m
[0;32mI (459) app_init: ESP-IDF:          v5.4.1[0m
[0;32mI (463) efuse_init: Min chip rev:     v0.0[0m
[0;32mI (467) efuse_init: Max chip rev:     v3.99 [0m
[0;32mI (471) efuse_init: Chip rev:         v3.1[0m
[0;32mI (475) heap_init: Initializing. RAM available for dynamic allocation:[0m
[0;32mI (481) heap_init: At 3FFAE6E0 len 00001920 (6 KiB): DRAM[0m
[0;32mI (486) heap_init: At 3FFB81C0 len 00027E40 (159 KiB): DRAM[0m
[0;32mI (492) heap_init: At 3FFE0440 len 00003AE0 (14 KiB): D/IRAM[0m
[0;32mI (497) heap_init: At 3FFE4350 len 0001BCB0 (111 KiB): D/IRAM[0m
[0;32mI (502) heap_init: At 40097798 len 00008868 (34 KiB): IRAM[0m
[0;32mI (509) spi_flash: detected chip: generic[0m
[0;32mI (511) spi_flash: flash io: dio[0m
[0;33mW (514) spi_flash: Detected size(4096k) larger than the size in the binary image header(2048k). Using the size in the binary image header.[0m
[0;32mI (528) main_task: Started on CPU0[0m
[0;32mI (538) main_task: Calling app_main()[0m
[0;32mI (568) example_connect: Start example_connect.[0m
[0;32mI (578) wifi:wifi driver task: 3ffbfe2c, prio:23, stack:6656, core=0[0m
[0;32mI (588) wifi:wifi firmware version: 79fa3f41ba[0m
[0;32mI (588) wifi:wifi certification version: v7.0[0m
[0;32mI (588) wifi:config NVS flash: enabled[0m
[0;32mI (588) wifi:config nano formatting: disabled[0m
[0;32mI (598) wifi:Init data frame dynamic rx buffer num: 32[0m
[0;32mI (598) wifi:Init static rx mgmt buffer num: 5[0m
[0;32mI (608) wifi:Init management short buffer num: 32[0m
[0;32mI (608) wifi:Init dynamic tx buffer num: 32[0m
[0;32mI (618) wifi:Init static rx buffer size: 1600[0m
[0;32mI (618) wifi:Init static rx buffer num: 10[0m
[0;32mI (618) wifi:Init dynamic rx buffer num: 32[0m
[0;32mI (628) wifi_init: rx ba win: 6[0m
[0;32mI (628) wifi_init: accept mbox: 6[0m
[0;32mI (628) wifi_init: tcpip mbox: 32[0m
[0;32mI (638) wifi_init: udp mbox: 6[0m
[0;32mI (638) wifi_init: tcp mbox: 6[0m
[0;32mI (638) wifi_init: tcp tx win: 5760[0m
[0;32mI (638) wifi_init: tcp rx win: 5760[0m
[0;32mI (648) wifi_init: tcp mss: 1440[0m
[0;32mI (648) wifi_init: WiFi IRAM OP enabled[0m
[0;32mI (648) wifi_init: WiFi RX IRAM OP enabled[0m
[0;32mI (658) phy_init: phy_version 4860,6b7a6e5,Feb  6 2025,14:47:07[0m
[0;32mI (738) wifi:mode : sta (10:06:1c:f2:32:78)[0m
[0;32mI (738) wifi:enable tsf[0m
[0;32mI (738) example_connect: Connecting to The Watling Boys...[0m
[0;33mW (738) wifi:Password length matches WPA2 standards, authmode threshold changes from OPEN to WPA2[0m
[0;32mI (748) example_connect: Waiting for IP(s)[0m
[0;32mI (3408) wifi:new:<1,0>, old:<1,0>, ap:<255,255>, sta:<1,0>, prof:1, snd_ch_cfg:0x0[0m
[0;32mI (3408) wifi:state: init -> auth (0xb0)[0m
[0;32mI (3448) wifi:state: auth -> assoc (0x0)[0m
[0;32mI (3448) wifi:state: assoc -> run (0x10)[0m
[0;32mI (3478) wifi:connected with The Watling Boys, aid = 24, channel 1, BW20, bssid = 78:8d:af:2d:e5:84[0m
